Archive member included to satisfy reference by file (symbol)

vendors/rpi-pico-mpu6050/src/libhaw_mpu6050.a(MPU6050.c.obj)
                              CMakeFiles/mpu6050_ble.dir/main.c.obj (mpu6050_init)
c:/progra~1/raspbe~1/picosd~1.1/gcc-ar~1/bin/../lib/gcc/arm-none-eabi/10.3.1/thumb/v6-m/nofp\libgcc.a(_dvmd_tls.o)
                              CMakeFiles/mpu6050_ble.dir/C_/Program_Files/Raspberry_Pi/Pico_SDK_v1.5.1/pico-sdk/src/rp2_common/pico_divider/divider.S.obj (__aeabi_idiv0)
c:/progra~1/raspbe~1/picosd~1.1/gcc-ar~1/bin/../lib/gcc/arm-none-eabi/10.3.1/../../../../arm-none-eabi/lib/thumb/v6-m/nofp\libc.a(lib_a-calloc.o)
                              CMakeFiles/mpu6050_ble.dir/C_/Program_Files/Raspberry_Pi/Pico_SDK_v1.5.1/pico-sdk/src/rp2_common/pico_malloc/pico_malloc.c.obj (calloc)
c:/progra~1/raspbe~1/picosd~1.1/gcc-ar~1/bin/../lib/gcc/arm-none-eabi/10.3.1/../../../../arm-none-eabi/lib/thumb/v6-m/nofp\libc.a(lib_a-callocr.o)
                              c:/progra~1/raspbe~1/picosd~1.1/gcc-ar~1/bin/../lib/gcc/arm-none-eabi/10.3.1/../../../../arm-none-eabi/lib/thumb/v6-m/nofp\libc.a(lib_a-calloc.o) (_calloc_r)
c:/progra~1/raspbe~1/picosd~1.1/gcc-ar~1/bin/../lib/gcc/arm-none-eabi/10.3.1/../../../../arm-none-eabi/lib/thumb/v6-m/nofp\libc.a(lib_a-errno.o)
                              c:/progra~1/raspbe~1/picosd~1.1/gcc-ar~1/bin/../lib/gcc/arm-none-eabi/10.3.1/../../../../arm-none-eabi/lib/thumb/v6-m/nofp\libc.a(lib_a-callocr.o) (__errno)
c:/progra~1/raspbe~1/picosd~1.1/gcc-ar~1/bin/../lib/gcc/arm-none-eabi/10.3.1/../../../../arm-none-eabi/lib/thumb/v6-m/nofp\libc.a(lib_a-impure.o)
                              c:/progra~1/raspbe~1/picosd~1.1/gcc-ar~1/bin/../lib/gcc/arm-none-eabi/10.3.1/../../../../arm-none-eabi/lib/thumb/v6-m/nofp\libc.a(lib_a-calloc.o) (_impure_ptr)
c:/progra~1/raspbe~1/picosd~1.1/gcc-ar~1/bin/../lib/gcc/arm-none-eabi/10.3.1/../../../../arm-none-eabi/lib/thumb/v6-m/nofp\libc.a(lib_a-init.o)
                              c:/progra~1/raspbe~1/picosd~1.1/gcc-ar~1/bin/../lib/gcc/arm-none-eabi/10.3.1/../../../../arm-none-eabi/lib/thumb/v6-m/nofp/crt0.o (__libc_init_array)
c:/progra~1/raspbe~1/picosd~1.1/gcc-ar~1/bin/../lib/gcc/arm-none-eabi/10.3.1/../../../../arm-none-eabi/lib/thumb/v6-m/nofp\libc.a(lib_a-malloc.o)
                              CMakeFiles/mpu6050_ble.dir/C_/Program_Files/Raspberry_Pi/Pico_SDK_v1.5.1/pico-sdk/src/rp2_common/pico_malloc/pico_malloc.c.obj (malloc)
c:/progra~1/raspbe~1/picosd~1.1/gcc-ar~1/bin/../lib/gcc/arm-none-eabi/10.3.1/../../../../arm-none-eabi/lib/thumb/v6-m/nofp\libc.a(lib_a-mallocr.o)
                              c:/progra~1/raspbe~1/picosd~1.1/gcc-ar~1/bin/../lib/gcc/arm-none-eabi/10.3.1/../../../../arm-none-eabi/lib/thumb/v6-m/nofp\libc.a(lib_a-callocr.o) (_malloc_r)
c:/progra~1/raspbe~1/picosd~1.1/gcc-ar~1/bin/../lib/gcc/arm-none-eabi/10.3.1/../../../../arm-none-eabi/lib/thumb/v6-m/nofp\libc.a(lib_a-memcmp.o)
                              CMakeFiles/mpu6050_ble.dir/C_/Program_Files/Raspberry_Pi/Pico_SDK_v1.5.1/pico-sdk/lib/btstack/src/ble/att_db.c.obj (memcmp)
c:/progra~1/raspbe~1/picosd~1.1/gcc-ar~1/bin/../lib/gcc/arm-none-eabi/10.3.1/../../../../arm-none-eabi/lib/thumb/v6-m/nofp\libc.a(lib_a-memmove.o)
                              CMakeFiles/mpu6050_ble.dir/C_/Program_Files/Raspberry_Pi/Pico_SDK_v1.5.1/pico-sdk/lib/btstack/src/ble/gatt-service/hids_client.c.obj (memmove)
c:/progra~1/raspbe~1/picosd~1.1/gcc-ar~1/bin/../lib/gcc/arm-none-eabi/10.3.1/../../../../arm-none-eabi/lib/thumb/v6-m/nofp\libc.a(lib_a-mlock.o)
                              c:/progra~1/raspbe~1/picosd~1.1/gcc-ar~1/bin/../lib/gcc/arm-none-eabi/10.3.1/../../../../arm-none-eabi/lib/thumb/v6-m/nofp\libc.a(lib_a-mallocr.o) (__malloc_lock)
c:/progra~1/raspbe~1/picosd~1.1/gcc-ar~1/bin/../lib/gcc/arm-none-eabi/10.3.1/../../../../arm-none-eabi/lib/thumb/v6-m/nofp\libc.a(lib_a-realloc.o)
                              CMakeFiles/mpu6050_ble.dir/C_/Program_Files/Raspberry_Pi/Pico_SDK_v1.5.1/pico-sdk/src/rp2_common/pico_malloc/pico_malloc.c.obj (realloc)
c:/progra~1/raspbe~1/picosd~1.1/gcc-ar~1/bin/../lib/gcc/arm-none-eabi/10.3.1/../../../../arm-none-eabi/lib/thumb/v6-m/nofp\libc.a(lib_a-reallocr.o)
                              c:/progra~1/raspbe~1/picosd~1.1/gcc-ar~1/bin/../lib/gcc/arm-none-eabi/10.3.1/../../../../arm-none-eabi/lib/thumb/v6-m/nofp\libc.a(lib_a-realloc.o) (_realloc_r)
c:/progra~1/raspbe~1/picosd~1.1/gcc-ar~1/bin/../lib/gcc/arm-none-eabi/10.3.1/../../../../arm-none-eabi/lib/thumb/v6-m/nofp\libc.a(lib_a-sbrkr.o)
                              c:/progra~1/raspbe~1/picosd~1.1/gcc-ar~1/bin/../lib/gcc/arm-none-eabi/10.3.1/../../../../arm-none-eabi/lib/thumb/v6-m/nofp\libc.a(lib_a-mallocr.o) (_sbrk_r)
c:/progra~1/raspbe~1/picosd~1.1/gcc-ar~1/bin/../lib/gcc/arm-none-eabi/10.3.1/../../../../arm-none-eabi/lib/thumb/v6-m/nofp\libc.a(lib_a-strlen-stub.o)
[...]
Memory Configuration

Name             Origin             Length             Attributes
FLASH            0x10000000         0x00200000         xr
RAM              0x20000000         0x00040000         xrw
SCRATCH_X        0x20040000         0x00001000         xrw
SCRATCH_Y        0x20041000         0x00001000         xrw
*default*        0x00000000         0xffffffff

Linker script and memory map

LOAD c:/progra~1/raspbe~1/picosd~1.1/gcc-ar~1/bin/../lib/gcc/arm-none-eabi/10.3.1/thumb/v6-m/nofp/crti.o
LOAD c:/progra~1/raspbe~1/picosd~1.1/gcc-ar~1/bin/../lib/gcc/arm-none-eabi/10.3.1/thumb/v6-m/nofp/crtbegin.o
LOAD c:/progra~1/raspbe~1/picosd~1.1/gcc-ar~1/bin/../lib/gcc/arm-none-eabi/10.3.1/../../../../arm-none-eabi/lib/thumb/v6-m/nofp/crt0.o

.flash_begin    0x10000000        0x0
                0x10000000                __flash_binary_start = .

.boot2          0x10000000      0x100
                0x10000000                __boot2_start__ = .
 *(.boot2)
 .boot2         0x10000000      0x100 C:\Users\Acer\AppData\Local\Temp\ccghzJ86.o
                0x10000100                __boot2_end__ = .
                0x00000001                ASSERT (((__boot2_end__ - __boot2_start__) == 0x100), ERROR: Pico second stage bootloader must be 256 bytes in size)

.text           0x10000100    0x1fb78
                0x10000100                __logical_binary_start = .
 *(.vectors)
 .vectors       0x10000100       0xd4 CMakeFiles/mpu6050_ble.dir/C_/Program_Files/Raspberry_Pi/Pico_SDK_v1.5.1/pico-sdk/src/rp2_common/pico_standard_link/crt0.S.obj
                0x10000100                __VECTOR_TABLE
                0x10000100                __vectors
                0x100001c0                isr_invalid
                0x100001c0                __default_isrs_start
                0x100001c2                isr_nmi
                0x100001c4                isr_hardfault
                0x100001c6                isr_svcall
                0x100001c8                isr_pendsv
                0x100001ca                isr_systick
                0x100001cc                isr_irq23
                0x100001cc                isr_irq18
                0x100001cc                isr_irq11
                0x100001cc                isr_irq28
                0x100001cc                isr_irq19
                0x100001cc                isr_irq0
                0x100001cc                isr_irq6
                0x100001cc                isr_irq5
                0x100001cc                isr_irq12
                0x100001cc                isr_irq22
                0x100001cc                isr_irq31
                0x100001cc                isr_irq17
                0x100001cc                isr_irq27
                0x100001cc                isr_irq30
                0x100001cc                isr_irq2
                0x100001cc                isr_irq10
                0x100001cc                isr_irq8
                0x100001cc                isr_irq24
                0x100001cc                isr_irq1
                0x100001cc                isr_irq7
                0x100001cc                isr_irq21
                0x100001cc                isr_irq20
                0x100001cc                isr_irq15
                0x100001cc                isr_irq25
                0x100001cc                isr_irq13
                0x100001cc                __unhandled_user_irq
                0x100001cc                isr_irq4
                0x100001cc                isr_irq16
                0x100001cc                isr_irq29
                0x100001cc                isr_irq26
                0x100001cc                __default_isrs_end
                0x100001cc                isr_irq3
                0x100001cc                isr_irq14
                0x100001cc                isr_irq9
                0x100001d2                unhandled_user_irq_num_in_r0
 *(.binary_info_header)
 .binary_info_header
                0x100001d4       0x14 CMakeFiles/mpu6050_ble.dir/C_/Program_Files/Raspberry_Pi/Pico_SDK_v1.5.1/pico-sdk/src/rp2_common/pico_standard_link/crt0.S.obj
                0x100001e8                __binary_info_header_end = .
 *(.reset)
 .reset         0x100001e8       0xa0 CMakeFiles/mpu6050_ble.dir/C_/Program_Files/Raspberry_Pi/Pico_SDK_v1.5.1/pico-sdk/src/rp2_common/pico_standard_link/crt0.S.obj
                0x100001e8                _entry_point
 .reset         0x10000288       0x30 CMakeFiles/mpu6050_ble.dir/C_/Program_Files/Raspberry_Pi/Pico_SDK_v1.5.1/pico-sdk/src/rp2_common/pico_standard_link/binary_info.c.obj
 *(.init)
 .init          0x100002b8        0x4 c:/progra~1/raspbe~1/picosd~1.1/gcc-ar~1/bin/../lib/gcc/arm-none-eabi/10.3.1/thumb/v6-m/nofp/crti.o
                0x100002b8                _init
 *(EXCLUDE_FILE(*libm.a: *libc.a:*lib_a-mem*.o *libgcc.a:) .text*)
 .text          0x100002bc       0x48 c:/progra~1/raspbe~1/picosd~1.1/gcc-ar~1/bin/../lib/gcc/arm-none-eabi/10.3.1/thumb/v6-m/nofp/crtbegin.o
 .text.packet_handler
                0x10000304       0x78 CMakeFiles/mpu6050_ble.dir/main.c.obj
                0x10000304                packet_handler
 .text.att_write_callback
                0x1000037c       0x3c CMakeFiles/mpu6050_ble.dir/main.c.obj
 .text.att_read_callback
                0x100003b8       0x44 CMakeFiles/mpu6050_ble.dir/main.c.obj
 .text.heartbeat_handler
                0x100003fc       0x78 CMakeFiles/mpu6050_ble.dir/main.c.obj
 .text.init_imu_mpu_6050
                0x10000474       0xd8 CMakeFiles/mpu6050_ble.dir/main.c.obj
                0x10000474                init_imu_mpu_6050
 .text.startup.main
                0x1000054c       0xbc CMakeFiles/mpu6050_ble.dir/main.c.obj
                0x1000054c                main
 .text.att_validate_security
                0x10000608       0xc0 CMakeFiles/mpu6050_ble.dir/C_/Program_Files/Raspberry_Pi/Pico_SDK_v1.5.1/pico-sdk/lib/btstack/src/ble/att_db.c.obj
 .text.att_iterator_fetch_next
                0x100006c8       0x64 CMakeFiles/mpu6050_ble.dir/C_/Program_Files/Raspberry_Pi/Pico_SDK_v1.5.1/pico-sdk/lib/btstack/src/ble/att_db.c.obj
 .text.att_validate_security.constprop.0
                0x1000072c       0xa4 CMakeFiles/mpu6050_ble.dir/C_/Program_Files/Raspberry_Pi/Pico_SDK_v1.5.1/pico-sdk/lib/btstack/src/ble/att_db.c.obj
 .text.att_iterator_match_uuid16
                0x100007d0       0x58 CMakeFiles/mpu6050_ble.dir/C_/Program_Files/Raspberry_Pi/Pico_SDK_v1.5.1/pico-sdk/lib/btstack/src/ble/att_db.c.obj
 .text.att_iterator_match_uuid16.constprop.1
                0x10000828       0x54 CMakeFiles/mpu6050_ble.dir/C_/Program_Files/Raspberry_Pi/Pico_SDK_v1.5.1/pico-sdk/lib/btstack/src/ble/att_db.c.obj
 .text.att_iterator_match_uuid16.constprop.0
                0x1000087c       0x54 CMakeFiles/mpu6050_ble.dir/C_/Program_Files/Raspberry_Pi/Pico_SDK_v1.5.1/pico-sdk/lib/btstack/src/ble/att_db.c.obj
 .text.att_find_handle.part.0
                0x100008d0       0x80 CMakeFiles/mpu6050_ble.dir/C_/Program_Files/Raspberry_Pi/Pico_SDK_v1.5.1/pico-sdk/lib/btstack/src/ble/att_db.c.obj
 .text.att_set_db
                0x10000950       0x48 CMakeFiles/mpu6050_ble.dir/C_/Program_Files/Raspberry_Pi/Pico_SDK_v1.5.1/pico-sdk/lib/btstack/src/ble/att_db.c.obj
                0x10000950                att_set_db
 .text.att_set_read_callback
                0x10000998        0xc CMakeFiles/mpu6050_ble.dir/C_/Program_Files/Raspberry_Pi/Pico_SDK_v1.5.1/pico-sdk/lib/btstack/src/ble/att_db.c.obj
                0x10000998                att_set_read_callback
 .text.att_set_write_callback
                0x100009a4        0xc CMakeFiles/mpu6050_ble.dir/C_/Program_Files/Raspberry_Pi/Pico_SDK_v1.5.1/pico-sdk/lib/btstack/src/ble/att_db.c.obj
                0x100009a4                att_set_write_callback
 .text.att_clear_transaction_queue
                0x100009b0       0x20 CMakeFiles/mpu6050_ble.dir/C_/Program_Files/Raspberry_Pi/Pico_SDK_v1.5.1/pico-sdk/lib/btstack/src/ble/att_db.c.obj
                0x100009b0                att_clear_transaction_queue
 .text.att_prepare_handle_value_notification
                0x100009d0       0x38 CMakeFiles/mpu6050_ble.dir/C_/Program_Files/Raspberry_Pi/Pico_SDK_v1.5.1/pico-sdk/lib/btstack/src/ble/att_db.c.obj
                0x100009d0                att_prepare_handle_value_notification
 .text.att_handle_request
                0x10000a08     0x10f8 CMakeFiles/mpu6050_ble.dir/C_/Program_Files/Raspberry_Pi/Pico_SDK_v1.5.1/pico-sdk/lib/btstack/src/ble/att_db.c.obj
                0x10000a08                att_handle_request
 .text.att_is_persistent_ccc
                0x10001b00       0x88 CMakeFiles/mpu6050_ble.dir/C_/Program_Files/Raspberry_Pi/Pico_SDK_v1.5.1/pico-sdk/lib/btstack/src/ble/att_db.c.obj
                0x10001b00                att_is_persistent_ccc
 .text.att_read_callback_handle_blob
                0x10001b88       0x34 CMakeFiles/mpu6050_ble.dir/C_/Program_Files/Raspberry_Pi/Pico_SDK_v1.5.1/pico-sdk/lib/btstack/src/ble/att_db.c.obj
                0x10001b88                att_read_callback_handle_blob
 .text.att_packet_handler
                0x10001bbc       0xf8 CMakeFiles/mpu6050_ble.dir/C_/Program_Files/Raspberry_Pi/Pico_SDK_v1.5.1/pico-sdk/lib/btstack/src/ble/att_dispatch.c.obj
 .text.att_dispatch_register_server
                0x10001cb4       0x18 CMakeFiles/mpu6050_ble.dir/C_/Program_Files/Raspberry_Pi/Pico_SDK_v1.5.1/pico-sdk/lib/btstack/src/ble/att_dispatch.c.obj
                0x10001cb4                att_dispatch_register_server
 .text.att_dispatch_server_can_send_now
                0x10001ccc        0xc CMakeFiles/mpu6050_ble.dir/C_/Program_Files/Raspberry_Pi/Pico_SDK_v1.5.1/pico-sdk/lib/btstack/src/ble/att_dispatch.c.obj
                0x10001ccc                att_dispatch_server_can_send_now
 .text.att_dispatch_server_request_can_send_now_event
                0x10001cd8       0x24 CMakeFiles/mpu6050_ble.dir/C_/Program_Files/Raspberry_Pi/Pico_SDK_v1.5.1/pico-sdk/lib/btstack/src/ble/att_dispatch.c.obj
                0x10001cd8                att_dispatch_server_request_can_send_now_event
 .text.att_dispatch_server_mtu_exchanged
                0x10001cfc       0x40 CMakeFiles/mpu6050_ble.dir/C_/Program_Files/Raspberry_Pi/Pico_SDK_v1.5.1/pico-sdk/lib/btstack/src/ble/att_dispatch.c.obj
                0x10001cfc                att_dispatch_server_mtu_exchanged
 .text.att_emit_can_send_now_event
                0x10001d3c       0x24 CMakeFiles/mpu6050_ble.dir/C_/Program_Files/Raspberry_Pi/Pico_SDK_v1.5.1/pico-sdk/lib/btstack/src/ble/att_server.c.obj
 .text.att_server_write_callback
                0x10001d60      0x340 CMakeFiles/mpu6050_ble.dir/C_/Program_Files/Raspberry_Pi/Pico_SDK_v1.5.1/pico-sdk/lib/btstack/src/ble/att_server.c.obj
 .text.att_server_read_callback
                0x100020a0       0x78 CMakeFiles/mpu6050_ble.dir/C_/Program_Files/Raspberry_Pi/Pico_SDK_v1.5.1/pico-sdk/lib/btstack/src/ble/att_server.c.obj
 .text.att_handle_value_indication_notify_client
                0x10002118       0x70 CMakeFiles/mpu6050_ble.dir/C_/Program_Files/Raspberry_Pi/Pico_SDK_v1.5.1/pico-sdk/lib/btstack/src/ble/att_server.c.obj
 .text.att_packet_handler
                0x10002188      0x420 CMakeFiles/mpu6050_ble.dir/C_/Program_Files/Raspberry_Pi/Pico_SDK_v1.5.1/pico-sdk/lib/btstack/src/ble/att_server.c.obj
 .text.att_event_packet_handler
                0x100025a8      0x6a4 CMakeFiles/mpu6050_ble.dir/C_/Program_Files/Raspberry_Pi/Pico_SDK_v1.5.1/pico-sdk/lib/btstack/src/ble/att_server.c.obj
 .text.att_server_init
                0x10002c4c       0x58 CMakeFiles/mpu6050_ble.dir/C_/Program_Files/Raspberry_Pi/Pico_SDK_v1.5.1/pico-sdk/lib/btstack/src/ble/att_server.c.obj
                0x10002c4c                att_server_init
 .text.att_server_register_packet_handler
                0x10002ca4        0xc CMakeFiles/mpu6050_ble.dir/C_/Program_Files/Raspberry_Pi/Pico_SDK_v1.5.1/pico-sdk/lib/btstack/src/ble/att_server.c.obj
                0x10002ca4                att_server_register_packet_handler
 .text.att_server_request_can_send_now_event
                0x10002cb0       0x30 CMakeFiles/mpu6050_ble.dir/C_/Program_Files/Raspberry_Pi/Pico_SDK_v1.5.1/pico-sdk/lib/btstack/src/ble/att_server.c.obj
                0x10002cb0                att_server_request_can_send_now_event
 .text.att_server_notify
                0x10002ce0       0x58 CMakeFiles/mpu6050_ble.dir/C_/Program_Files/Raspberry_Pi/Pico_SDK_v1.5.1/pico-sdk/lib/btstack/src/ble/att_server.c.obj
                0x10002ce0                att_server_notify
 .text.le_device_db_init
                0x10002d38       0x28 CMakeFiles/mpu6050_ble.dir/C_/Program_Files/Raspberry_Pi/Pico_SDK_v1.5.1/pico-sdk/lib/btstack/src/ble/le_device_db_tlv.c.obj
                0x10002d38                le_device_db_init
 .text.le_device_db_set_local_bd_addr
                0x10002d60        0x4 CMakeFiles/mpu6050_ble.dir/C_/Program_Files/Raspberry_Pi/Pico_SDK_v1.5.1/pico-sdk/lib/btstack/src/ble/le_device_db_tlv.c.obj
                0x10002d60                le_device_db_set_local_bd_addr
 .text.le_device_db_max_count
                0x10002d64        0x4 CMakeFiles/mpu6050_ble.dir/C_/Program_Files/Raspberry_Pi/Pico_SDK_v1.5.1/pico-sdk/lib/btstack/src/ble/le_device_db_tlv.c.obj
                0x10002d64                le_device_db_max_count
 .text.le_device_db_remove
                0x10002d68       0x44 CMakeFiles/mpu6050_ble.dir/C_/Program_Files/Raspberry_Pi/Pico_SDK_v1.5.1/pico-sdk/lib/btstack/src/ble/le_device_db_tlv.c.obj
                0x10002d68                le_device_db_remove
 .text.le_device_db_add
                0x10002dac      0x1a8 CMakeFiles/mpu6050_ble.dir/C_/Program_Files/Raspberry_Pi/Pico_SDK_v1.5.1/pico-sdk/lib/btstack/src/ble/le_device_db_tlv.c.obj
                0x10002dac                le_device_db_add
 .text.le_device_db_info
                0x10002f54       0x6c CMakeFiles/mpu6050_ble.dir/C_/Program_Files/Raspberry_Pi/Pico_SDK_v1.5.1/pico-sdk/lib/btstack/src/ble/le_device_db_tlv.c.obj
                0x10002f54                le_device_db_info
 .text.le_device_db_encryption_set
                0x10002fc0       0xf0 CMakeFiles/mpu6050_ble.dir/C_/Program_Files/Raspberry_Pi/Pico_SDK_v1.5.1/pico-sdk/lib/btstack/src/ble/le_device_db_tlv.c.obj
                0x10002fc0                le_device_db_encryption_set
 .text.le_device_db_encryption_get
                0x100030b0       0xe0 CMakeFiles/mpu6050_ble.dir/C_/Program_Files/Raspberry_Pi/Pico_SDK_v1.5.1/pico-sdk/lib/btstack/src/ble/le_device_db_tlv.c.obj
                0x100030b0                le_device_db_encryption_get
 .text.le_device_db_tlv_configure
                0x10003190       0xa0 CMakeFiles/mpu6050_ble.dir/C_/Program_Files/Raspberry_Pi/Pico_SDK_v1.5.1/pico-sdk/lib/btstack/src/ble/le_device_db_tlv.c.obj
                0x10003190                le_device_db_tlv_configure
 .text.sm_handle_random_result_ph3_random
                0x10003230       0x64 CMakeFiles/mpu6050_ble.dir/C_/Program_Files/Raspberry_Pi/Pico_SDK_v1.5.1/pico-sdk/lib/btstack/src/ble/sm.c.obj
 .text.sm_handle_encryption_result_enc_a
                0x10003294      0x12c CMakeFiles/mpu6050_ble.dir/C_/Program_Files/Raspberry_Pi/Pico_SDK_v1.5.1/pico-sdk/lib/btstack/src/ble/sm.c.obj
 .text.sm_handle_encryption_result_enc_ph3_ltk
                0x100033c0       0x90 CMakeFiles/mpu6050_ble.dir/C_/Program_Files/Raspberry_Pi/Pico_SDK_v1.5.1/pico-sdk/lib/btstack/src/ble/sm.c.obj
 .text.sm_handle_encryption_result_enc_c
                0x10003450      0x134 CMakeFiles/mpu6050_ble.dir/C_/Program_Files/Raspberry_Pi/Pico_SDK_v1.5.1/pico-sdk/lib/btstack/src/ble/sm.c.obj
 .text.sm_handle_encryption_result_enc_ph4_y
                0x10003584       0xe8 CMakeFiles/mpu6050_ble.dir/C_/Program_Files/Raspberry_Pi/Pico_SDK_v1.5.1/pico-sdk/lib/btstack/src/ble/sm.c.obj
 .text.sm_handle_encryption_result_enc_ph3_y
                0x1000366c       0xec CMakeFiles/mpu6050_ble.dir/C_/Program_Files/Raspberry_Pi/Pico_SDK_v1.5.1/pico-sdk/lib/btstack/src/ble/sm.c.obj
 .text.sm_handle_encryption_result_dkg_irk
                0x10003758       0x50 CMakeFiles/mpu6050_ble.dir/C_/Program_Files/Raspberry_Pi/Pico_SDK_v1.5.1/pico-sdk/lib/btstack/src/ble/sm.c.obj
 .text.sm_handle_encryption_result_dkg_dhk
                0x100037a8       0x50 CMakeFiles/mpu6050_ble.dir/C_/Program_Files/Raspberry_Pi/Pico_SDK_v1.5.1/pico-sdk/lib/btstack/src/ble/sm.c.obj
 .text.sm_handle_random_result_ph2_random
                0x100037f8       0x40 CMakeFiles/mpu6050_ble.dir/C_/Program_Files/Raspberry_Pi/Pico_SDK_v1.5.1/pico-sdk/lib/btstack/src/ble/sm.c.obj
 .text.sm_handle_encryption_result_rau
                0x10003838       0x58 CMakeFiles/mpu6050_ble.dir/C_/Program_Files/Raspberry_Pi/Pico_SDK_v1.5.1/pico-sdk/lib/btstack/src/ble/sm.c.obj
 .text.sm_handle_encryption_result_enc_b
                0x10003890       0x58 CMakeFiles/mpu6050_ble.dir/C_/Program_Files/Raspberry_Pi/Pico_SDK_v1.5.1/pico-sdk/lib/btstack/src/ble/sm.c.obj
 .text.sm_handle_random_result_rau
                0x100038e8       0x68 CMakeFiles/mpu6050_ble.dir/C_/Program_Files/Raspberry_Pi/Pico_SDK_v1.5.1/pico-sdk/lib/btstack/src/ble/sm.c.obj
 .text.sm_handle_encryption_result_enc_stk
                0x10003950       0x74 CMakeFiles/mpu6050_ble.dir/C_/Program_Files/Raspberry_Pi/Pico_SDK_v1.5.1/pico-sdk/lib/btstack/src/ble/sm.c.obj
 .text.sm_handle_encryption_result_enc_ph4_ltk
                0x100039c4       0x74 CMakeFiles/mpu6050_ble.dir/C_/Program_Files/Raspberry_Pi/Pico_SDK_v1.5.1/pico-sdk/lib/btstack/src/ble/sm.c.obj
 .text.sm_handle_random_result_ph3_div
                0x10003a38       0x7c CMakeFiles/mpu6050_ble.dir/C_/Program_Files/Raspberry_Pi/Pico_SDK_v1.5.1/pico-sdk/lib/btstack/src/ble/sm.c.obj
 .text.sm_pairing_started.part.0
                0x10003ab4       0x74 CMakeFiles/mpu6050_ble.dir/C_/Program_Files/Raspberry_Pi/Pico_SDK_v1.5.1/pico-sdk/lib/btstack/src/ble/sm.c.obj
 .text.sm_pairing_complete.part.0
                0x10003b28       0x80 CMakeFiles/mpu6050_ble.dir/C_/Program_Files/Raspberry_Pi/Pico_SDK_v1.5.1/pico-sdk/lib/btstack/src/ble/sm.c.obj
 .text.sm_trigger_user_response_basic
                0x10003ba8       0x78 CMakeFiles/mpu6050_ble.dir/C_/Program_Files/Raspberry_Pi/Pico_SDK_v1.5.1/pico-sdk/lib/btstack/src/ble/sm.c.obj
 .text.sm_handle_random_result_ir
                0x10003c20       0xb4 CMakeFiles/mpu6050_ble.dir/C_/Program_Files/Raspberry_Pi/Pico_SDK_v1.5.1/pico-sdk/lib/btstack/src/ble/sm.c.obj
 .text.sm_trigger_user_response_passkey
                0x10003cd4       0x98 CMakeFiles/mpu6050_ble.dir/C_/Program_Files/Raspberry_Pi/Pico_SDK_v1.5.1/pico-sdk/lib/btstack/src/ble/sm.c.obj
 .text.sm_handle_random_result_ph2_tk
                0x10003d6c       0x88 CMakeFiles/mpu6050_ble.dir/C_/Program_Files/Raspberry_Pi/Pico_SDK_v1.5.1/pico-sdk/lib/btstack/src/ble/sm.c.obj
 .text.sm_reencryption_started.part.0
                0x10003df4       0x94 CMakeFiles/mpu6050_ble.dir/C_/Program_Files/Raspberry_Pi/Pico_SDK_v1.5.1/pico-sdk/lib/btstack/src/ble/sm.c.obj
 .text.sm_reencryption_complete.part.0
                0x10003e88       0x98 CMakeFiles/mpu6050_ble.dir/C_/Program_Files/Raspberry_Pi/Pico_SDK_v1.5.1/pico-sdk/lib/btstack/src/ble/sm.c.obj
 .text.gap_random_address_update_handler
                0x10003f20       0x8c CMakeFiles/mpu6050_ble.dir/C_/Program_Files/Raspberry_Pi/Pico_SDK_v1.5.1/pico-sdk/lib/btstack/src/ble/sm.c.obj
 .text.sm_key_distribution_complete_responder
                0x10003fac       0xd0 CMakeFiles/mpu6050_ble.dir/C_/Program_Files/Raspberry_Pi/Pico_SDK_v1.5.1/pico-sdk/lib/btstack/src/ble/sm.c.obj
 .text.sm_handle_encryption_result_enc_d
                0x1000407c       0x7c CMakeFiles/mpu6050_ble.dir/C_/Program_Files/Raspberry_Pi/Pico_SDK_v1.5.1/pico-sdk/lib/btstack/src/ble/sm.c.obj
 .text.sm_handle_random_result_er
                0x100040f8      0x118 CMakeFiles/mpu6050_ble.dir/C_/Program_Files/Raspberry_Pi/Pico_SDK_v1.5.1/pico-sdk/lib/btstack/src/ble/sm.c.obj
 .text.sm_address_resolution_handle_event
                0x10004210      0x260 CMakeFiles/mpu6050_ble.dir/C_/Program_Files/Raspberry_Pi/Pico_SDK_v1.5.1/pico-sdk/lib/btstack/src/ble/sm.c.obj
 .text.sm_handle_encryption_result_address_resolution
                0x10004470       0x94 CMakeFiles/mpu6050_ble.dir/C_/Program_Files/Raspberry_Pi/Pico_SDK_v1.5.1/pico-sdk/lib/btstack/src/ble/sm.c.obj
 .text.sm_key_distribution_handle_all_received
                0x10004504      0x3c4 CMakeFiles/mpu6050_ble.dir/C_/Program_Files/Raspberry_Pi/Pico_SDK_v1.5.1/pico-sdk/lib/btstack/src/ble/sm.c.obj
 .text.sm_handle_encryption_result_enc_csrk
                0x100048c8       0xe0 CMakeFiles/mpu6050_ble.dir/C_/Program_Files/Raspberry_Pi/Pico_SDK_v1.5.1/pico-sdk/lib/btstack/src/ble/sm.c.obj
 .text.sm_run   0x100049a8     0x1380 CMakeFiles/mpu6050_ble.dir/C_/Program_Files/Raspberry_Pi/Pico_SDK_v1.5.1/pico-sdk/lib/btstack/src/ble/sm.c.obj
 .text.sm_pdu_handler
                0x10005d28      0x34c CMakeFiles/mpu6050_ble.dir/C_/Program_Files/Raspberry_Pi/Pico_SDK_v1.5.1/pico-sdk/lib/btstack/src/ble/sm.c.obj
 .text.sm_timeout_handler
                0x10006074      0x188 CMakeFiles/mpu6050_ble.dir/C_/Program_Files/Raspberry_Pi/Pico_SDK_v1.5.1/pico-sdk/lib/btstack/src/ble/sm.c.obj
 .text.sm_run_timer_handler
                0x100061fc        0x8 CMakeFiles/mpu6050_ble.dir/C_/Program_Files/Raspberry_Pi/Pico_SDK_v1.5.1/pico-sdk/lib/btstack/src/ble/sm.c.obj
 .text.sm_add_event_handler
                0x10006204       0x10 CMakeFiles/mpu6050_ble.dir/C_/Program_Files/Raspberry_Pi/Pico_SDK_v1.5.1/pico-sdk/lib/btstack/src/ble/sm.c.obj
                0x10006204                sm_add_event_handler
 .text.sm_init  0x10006214      0x10c CMakeFiles/mpu6050_ble.dir/C_/Program_Files/Raspberry_Pi/Pico_SDK_v1.5.1/pico-sdk/lib/btstack/src/ble/sm.c.obj
                0x10006214                sm_init
 .text.sm_request_pairing
                0x10006320      0x100 CMakeFiles/mpu6050_ble.dir/C_/Program_Files/Raspberry_Pi/Pico_SDK_v1.5.1/pico-sdk/lib/btstack/src/ble/sm.c.obj
                0x10006320                sm_request_pairing
 .text.sm_le_device_index
                0x10006420       0x18 CMakeFiles/mpu6050_ble.dir/C_/Program_Files/Raspberry_Pi/Pico_SDK_v1.5.1/pico-sdk/lib/btstack/src/ble/sm.c.obj
                0x10006420                sm_le_device_index
 .text.gap_random_address_set_mode
                0x10006438       0xa4 CMakeFiles/mpu6050_ble.dir/C_/Program_Files/Raspberry_Pi/Pico_SDK_v1.5.1/pico-sdk/lib/btstack/src/ble/sm.c.obj
                0x10006438                gap_random_address_set_mode
 .text.gap_random_address_set
                0x100064dc       0xc0 CMakeFiles/mpu6050_ble.dir/C_/Program_Files/Raspberry_Pi/Pico_SDK_v1.5.1/pico-sdk/lib/btstack/src/ble/sm.c.obj
                0x100064dc                gap_random_address_set
 .text.sm_event_packet_handler
                0x1000659c      0x664 CMakeFiles/mpu6050_ble.dir/C_/Program_Files/Raspberry_Pi/Pico_SDK_v1.5.1/pico-sdk/lib/btstack/src/ble/sm.c.obj
 .text.gap_advertisements_set_params
                0x10006c00       0x1c CMakeFiles/mpu6050_ble.dir/C_/Program_Files/Raspberry_Pi/Pico_SDK_v1.5.1/pico-sdk/lib/btstack/src/ble/sm.c.obj
                0x10006c00                gap_advertisements_set_params
 .text.gap_reconnect_security_setup_active
                0x10006c1c       0x48 CMakeFiles/mpu6050_ble.dir/C_/Program_Files/Raspberry_Pi/Pico_SDK_v1.5.1/pico-sdk/lib/btstack/src/ble/sm.c.obj
                0x10006c1c                gap_reconnect_security_setup_active
 .text.default_RNG
                0x10006c64        0x4 CMakeFiles/mpu6050_ble.dir/C_/Program_Files/Raspberry_Pi/Pico_SDK_v1.5.1/pico-sdk/lib/btstack/3rd-party/micro-ecc/uECC.c.obj
 .text.vli_mult
                0x10006c68      0x3c8 CMakeFiles/mpu6050_ble.dir/C_/Program_Files/Raspberry_Pi/Pico_SDK_v1.5.1/pico-sdk/lib/btstack/3rd-party/micro-ecc/uECC.c.obj
 .text.vli_mmod_fast
                0x10007030      0x748 CMakeFiles/mpu6050_ble.dir/C_/Program_Files/Raspberry_Pi/Pico_SDK_v1.5.1/pico-sdk/lib/btstack/3rd-party/micro-ecc/uECC.c.obj
 .text.vli_modAdd.constprop.0
                0x10007778      0x16c CMakeFiles/mpu6050_ble.dir/C_/Program_Files/Raspberry_Pi/Pico_SDK_v1.5.1/pico-sdk/lib/btstack/3rd-party/micro-ecc/uECC.c.obj
 .text.XYcZ_add
                0x100078e4      0x960 CMakeFiles/mpu6050_ble.dir/C_/Program_Files/Raspberry_Pi/Pico_SDK_v1.5.1/pico-sdk/lib/btstack/3rd-party/micro-ecc/uECC.c.obj
 .text.XYcZ_addC
                0x10008244      0xbe0 CMakeFiles/mpu6050_ble.dir/C_/Program_Files/Raspberry_Pi/Pico_SDK_v1.5.1/pico-sdk/lib/btstack/3rd-party/micro-ecc/uECC.c.obj
 .text.EccPoint_mult.constprop.0
                0x10008e24     0x1670 CMakeFiles/mpu6050_ble.dir/C_/Program_Files/Raspberry_Pi/Pico_SDK_v1.5.1/pico-sdk/lib/btstack/3rd-party/micro-ecc/uECC.c.obj
 .text.EccPoint_compute_public_key
                0x1000a494      0x2b0 CMakeFiles/mpu6050_ble.dir/C_/Program_Files/Raspberry_Pi/Pico_SDK_v1.5.1/pico-sdk/lib/btstack/3rd-party/micro-ecc/uECC.c.obj
 .text.uECC_set_rng
                0x1000a744        0xc CMakeFiles/mpu6050_ble.dir/C_/Program_Files/Raspberry_Pi/Pico_SDK_v1.5.1/pico-sdk/lib/btstack/3rd-party/micro-ecc/uECC.c.obj
                0x1000a744                uECC_set_rng
 .text.uECC_make_key
                0x1000a750      0x1fc CMakeFiles/mpu6050_ble.dir/C_/Program_Files/Raspberry_Pi/Pico_SDK_v1.5.1/pico-sdk/lib/btstack/3rd-party/micro-ecc/uECC.c.obj
                0x1000a750                uECC_make_key
 .text.uECC_shared_secret
                0x1000a94c      0x510 CMakeFiles/mpu6050_ble.dir/C_/Program_Files/Raspberry_Pi/Pico_SDK_v1.5.1/pico-sdk/lib/btstack/3rd-party/micro-ecc/uECC.c.obj
                0x1000a94c                uECC_shared_secret
 .text.rijndaelSetupEncrypt
                0x1000ae5c      0x4dc CMakeFiles/mpu6050_ble.dir/C_/Program_Files/Raspberry_Pi/Pico_SDK_v1.5.1/pico-sdk/lib/btstack/3rd-party/rijndael/rijndael.c.obj
                0x1000ae5c                rijndaelSetupEncrypt
 .text.rijndaelEncrypt
                0x1000b338      0xae0 CMakeFiles/mpu6050_ble.dir/C_/Program_Files/Raspberry_Pi/Pico_SDK_v1.5.1/pico-sdk/lib/btstack/3rd-party/rijndael/rijndael.c.obj
                0x1000b338                rijndaelEncrypt
 .text.btstack_tlv_flash_bank_write
                0x1000be18       0x80 CMakeFiles/mpu6050_ble.dir/C_/Program_Files/Raspberry_Pi/Pico_SDK_v1.5.1/pico-sdk/lib/btstack/platform/embedded/btstack_tlv_flash_bank.c.obj
 .text.btstack_tlv_flash_bank_read
                0x1000be98       0x7c CMakeFiles/mpu6050_ble.dir/C_/Program_Files/Raspberry_Pi/Pico_SDK_v1.5.1/pico-sdk/lib/btstack/platform/embedded/btstack_tlv_flash_bank.c.obj
 .text.btstack_tlv_flash_bank_iterator_init
                0x1000bf14       0x6c CMakeFiles/mpu6050_ble.dir/C_/Program_Files/Raspberry_Pi/Pico_SDK_v1.5.1/pico-sdk/lib/btstack/platform/embedded/btstack_tlv_flash_bank.c.obj
 .text.btstack_tlv_flash_bank_delete_tag_until_offset
                0x1000bf80       0xdc CMakeFiles/mpu6050_ble.dir/C_/Program_Files/Raspberry_Pi/Pico_SDK_v1.5.1/pico-sdk/lib/btstack/platform/embedded/btstack_tlv_flash_bank.c.obj
 .text.btstack_tlv_flash_bank_delete_tag
                0x1000c05c        0xc CMakeFiles/mpu6050_ble.dir/C_/Program_Files/Raspberry_Pi/Pico_SDK_v1.5.1/pico-sdk/lib/btstack/platform/embedded/btstack_tlv_flash_bank.c.obj
 .text.btstack_tlv_flash_bank_get_tag
                0x1000c068       0xec CMakeFiles/mpu6050_ble.dir/C_/Program_Files/Raspberry_Pi/Pico_SDK_v1.5.1/pico-sdk/lib/btstack/platform/embedded/btstack_tlv_flash_bank.c.obj
 .text.btstack_tlv_flash_bank_test_erased
                0x1000c154      0x118 CMakeFiles/mpu6050_ble.dir/C_/Program_Files/Raspberry_Pi/Pico_SDK_v1.5.1/pico-sdk/lib/btstack/platform/embedded/btstack_tlv_flash_bank.c.obj
 .text.btstack_tlv_flash_bank_migrate
                0x1000c26c      0x218 CMakeFiles/mpu6050_ble.dir/C_/Program_Files/Raspberry_Pi/Pico_SDK_v1.5.1/pico-sdk/lib/btstack/platform/embedded/btstack_tlv_flash_bank.c.obj
 .text.btstack_tlv_flash_bank_store_tag
                0x1000c484       0xe0 CMakeFiles/mpu6050_ble.dir/C_/Program_Files/Raspberry_Pi/Pico_SDK_v1.5.1/pico-sdk/lib/btstack/platform/embedded/btstack_tlv_flash_bank.c.obj
 .text.btstack_tlv_flash_bank_init_instance
                0x1000c564      0x2a4 CMakeFiles/mpu6050_ble.dir/C_/Program_Files/Raspberry_Pi/Pico_SDK_v1.5.1/pico-sdk/lib/btstack/platform/embedded/btstack_tlv_flash_bank.c.obj
                0x1000c564                btstack_tlv_flash_bank_init_instance
 .text.sm_generate_f_rng
                0x1000c808       0x70 CMakeFiles/mpu6050_ble.dir/C_/Program_Files/Raspberry_Pi/Pico_SDK_v1.5.1/pico-sdk/lib/btstack/src/btstack_crypto.c.obj
 .text.btstack_crypto_run.part.0
                0x1000c878     0x1124 CMakeFiles/mpu6050_ble.dir/C_/Program_Files/Raspberry_Pi/Pico_SDK_v1.5.1/pico-sdk/lib/btstack/src/btstack_crypto.c.obj
 .text.btstack_crypto_event_handler
                0x1000d99c      0x164 CMakeFiles/mpu6050_ble.dir/C_/Program_Files/Raspberry_Pi/Pico_SDK_v1.5.1/pico-sdk/lib/btstack/src/btstack_crypto.c.obj
 .text.btstack_crypto_random_generate
                0x1000db00       0x2c CMakeFiles/mpu6050_ble.dir/C_/Program_Files/Raspberry_Pi/Pico_SDK_v1.5.1/pico-sdk/lib/btstack/src/btstack_crypto.c.obj
                0x1000db00                btstack_crypto_random_generate
 .text.btstack_crypto_aes128_encrypt
                0x1000db2c       0x30 CMakeFiles/mpu6050_ble.dir/C_/Program_Files/Raspberry_Pi/Pico_SDK_v1.5.1/pico-sdk/lib/btstack/src/btstack_crypto.c.obj
                0x1000db2c                btstack_crypto_aes128_encrypt
 .text.btstack_crypto_init
                0x1000db5c       0x40 CMakeFiles/mpu6050_ble.dir/C_/Program_Files/Raspberry_Pi/Pico_SDK_v1.5.1/pico-sdk/lib/btstack/src/btstack_crypto.c.obj
                0x1000db5c                btstack_crypto_init
 .text.btstack_linked_list_empty
                0x1000db9c        0xc CMakeFiles/mpu6050_ble.dir/C_/Program_Files/Raspberry_Pi/Pico_SDK_v1.5.1/pico-sdk/lib/btstack/src/btstack_linked_list.c.obj
                0x1000db9c                btstack_linked_list_empty
 .text.btstack_linked_list_add
                0x1000dba8       0x24 CMakeFiles/mpu6050_ble.dir/C_/Program_Files/Raspberry_Pi/Pico_SDK_v1.5.1/pico-sdk/lib/btstack/src/btstack_linked_list.c.obj
                0x1000dba8                btstack_linked_list_add
 .text.btstack_linked_list_add_tail
                0x1000dbcc       0x1c CMakeFiles/mpu6050_ble.dir/C_/Program_Files/Raspberry_Pi/Pico_SDK_v1.5.1/pico-sdk/lib/btstack/src/btstack_linked_list.c.obj
                0x1000dbcc                btstack_linked_list_add_tail
 .text.btstack_linked_list_remove
                0x1000dbe8       0x20 CMakeFiles/mpu6050_ble.dir/C_/Program_Files/Raspberry_Pi/Pico_SDK_v1.5.1/pico-sdk/lib/btstack/src/btstack_linked_list.c.obj
                0x1000dbe8                btstack_linked_list_remove
 .text.btstack_linked_list_get_first_item
                0x1000dc08        0x4 CMakeFiles/mpu6050_ble.dir/C_/Program_Files/Raspberry_Pi/Pico_SDK_v1.5.1/pico-sdk/lib/btstack/src/btstack_linked_list.c.obj
                0x1000dc08                btstack_linked_list_get_first_item
 .text.btstack_linked_list_pop
                0x1000dc0c       0x10 CMakeFiles/mpu6050_ble.dir/C_/Program_Files/Raspberry_Pi/Pico_SDK_v1.5.1/pico-sdk/lib/btstack/src/btstack_linked_list.c.obj
                0x1000dc0c                btstack_linked_list_pop
 .text.btstack_linked_list_iterator_init
                0x1000dc1c        0xc CMakeFiles/mpu6050_ble.dir/C_/Program_Files/Raspberry_Pi/Pico_SDK_v1.5.1/pico-sdk/lib/btstack/src/btstack_linked_list.c.obj
                0x1000dc1c                btstack_linked_list_iterator_init
 .text.btstack_linked_list_iterator_has_next
                0x1000dc28       0x2c CMakeFiles/mpu6050_ble.dir/C_/Program_Files/Raspberry_Pi/Pico_SDK_v1.5.1/pico-sdk/lib/btstack/src/btstack_linked_list.c.obj
                0x1000dc28                btstack_linked_list_iterator_has_next
 .text.btstack_linked_list_iterator_next
                0x1000dc54       0x28 CMakeFiles/mpu6050_ble.dir/C_/Program_Files/Raspberry_Pi/Pico_SDK_v1.5.1/pico-sdk/lib/btstack/src/btstack_linked_list.c.obj
                0x1000dc54                btstack_linked_list_iterator_next
 .text.btstack_linked_list_iterator_remove
                0x1000dc7c       0x10 CMakeFiles/mpu6050_ble.dir/C_/Program_Files/Raspberry_Pi/Pico_SDK_v1.5.1/pico-sdk/lib/btstack/src/btstack_linked_list.c.obj
                0x1000dc7c                btstack_linked_list_iterator_remove
 .text.btstack_memory_deinit
                0x1000dc8c        0x4 CMakeFiles/mpu6050_ble.dir/C_/Program_Files/Raspberry_Pi/Pico_SDK_v1.5.1/pico-sdk/lib/btstack/src/btstack_memory.c.obj
                0x1000dc8c                btstack_memory_deinit
 .text.btstack_memory_hci_connection_get
                0x1000dc90       0x20 CMakeFiles/mpu6050_ble.dir/C_/Program_Files/Raspberry_Pi/Pico_SDK_v1.5.1/pico-sdk/lib/btstack/src/btstack_memory.c.obj
                0x1000dc90                btstack_memory_hci_connection_get
 .text.btstack_memory_hci_connection_free
                0x1000dcb0       0x10 CMakeFiles/mpu6050_ble.dir/C_/Program_Files/Raspberry_Pi/Pico_SDK_v1.5.1/pico-sdk/lib/btstack/src/btstack_memory.c.obj
                0x1000dcb0                btstack_memory_hci_connection_free
 .text.btstack_memory_sm_lookup_entry_free
                0x1000dcc0       0x10 CMakeFiles/mpu6050_ble.dir/C_/Program_Files/Raspberry_Pi/Pico_SDK_v1.5.1/pico-sdk/lib/btstack/src/btstack_memory.c.obj
                0x1000dcc0                btstack_memory_sm_lookup_entry_free
 .text.btstack_memory_whitelist_entry_free
                0x1000dcd0       0x10 CMakeFiles/mpu6050_ble.dir/C_/Program_Files/Raspberry_Pi/Pico_SDK_v1.5.1/pico-sdk/lib/btstack/src/btstack_memory.c.obj
                0x1000dcd0                btstack_memory_whitelist_entry_free
 .text.btstack_memory_init
                0x1000dce0       0x44 CMakeFiles/mpu6050_ble.dir/C_/Program_Files/Raspberry_Pi/Pico_SDK_v1.5.1/pico-sdk/lib/btstack/src/btstack_memory.c.obj
                0x1000dce0                btstack_memory_init
 .text.btstack_memory_pool_create
                0x1000dd24       0x38 CMakeFiles/mpu6050_ble.dir/C_/Program_Files/Raspberry_Pi/Pico_SDK_v1.5.1/pico-sdk/lib/btstack/src/btstack_memory_pool.c.obj
                0x1000dd24                btstack_memory_pool_create
 .text.btstack_memory_pool_get
                0x1000dd5c       0x10 CMakeFiles/mpu6050_ble.dir/C_/Program_Files/Raspberry_Pi/Pico_SDK_v1.5.1/pico-sdk/lib/btstack/src/btstack_memory_pool.c.obj
                0x1000dd5c                btstack_memory_pool_get
 .text.btstack_memory_pool_free
                0x1000dd6c       0x14 CMakeFiles/mpu6050_ble.dir/C_/Program_Files/Raspberry_Pi/Pico_SDK_v1.5.1/pico-sdk/lib/btstack/src/btstack_memory_pool.c.obj
                0x1000dd6c                btstack_memory_pool_free
 .text.btstack_run_loop_base_init
                0x1000dd80       0x1c CMakeFiles/mpu6050_ble.dir/C_/Program_Files/Raspberry_Pi/Pico_SDK_v1.5.1/pico-sdk/lib/btstack/src/btstack_run_loop.c.obj
                0x1000dd80                btstack_run_loop_base_init
 .text.btstack_run_loop_base_add_data_source
                0x1000dd9c       0x10 CMakeFiles/mpu6050_ble.dir/C_/Program_Files/Raspberry_Pi/Pico_SDK_v1.5.1/pico-sdk/lib/btstack/src/btstack_run_loop.c.obj
                0x1000dd9c                btstack_run_loop_base_add_data_source
 .text.btstack_run_loop_base_remove_data_source
                0x1000ddac       0x10 CMakeFiles/mpu6050_ble.dir/C_/Program_Files/Raspberry_Pi/Pico_SDK_v1.5.1/pico-sdk/lib/btstack/src/btstack_run_loop.c.obj
                0x1000ddac                btstack_run_loop_base_remove_data_source
 .text.btstack_run_loop_base_enable_data_source_callbacks
                0x1000ddbc        0x8 CMakeFiles/mpu6050_ble.dir/C_/Program_Files/Raspberry_Pi/Pico_SDK_v1.5.1/pico-sdk/lib/btstack/src/btstack_run_loop.c.obj
                0x1000ddbc                btstack_run_loop_base_enable_data_source_callbacks
 .text.btstack_run_loop_base_disable_data_source_callbacks
                0x1000ddc4        0x8 CMakeFiles/mpu6050_ble.dir/C_/Program_Files/Raspberry_Pi/Pico_SDK_v1.5.1/pico-sdk/lib/btstack/src/btstack_run_loop.c.obj
                0x1000ddc4                btstack_run_loop_base_disable_data_source_callbacks
 .text.btstack_run_loop_base_remove_timer
                0x1000ddcc       0x10 CMakeFiles/mpu6050_ble.dir/C_/Program_Files/Raspberry_Pi/Pico_SDK_v1.5.1/pico-sdk/lib/btstack/src/btstack_run_loop.c.obj
                0x1000ddcc                btstack_run_loop_base_remove_timer
 .text.btstack_run_loop_base_add_timer
                0x1000dddc       0x68 CMakeFiles/mpu6050_ble.dir/C_/Program_Files/Raspberry_Pi/Pico_SDK_v1.5.1/pico-sdk/lib/btstack/src/btstack_run_loop.c.obj
                0x1000dddc                btstack_run_loop_base_add_timer
 .text.btstack_run_loop_base_process_timers
                0x1000de44       0x34 CMakeFiles/mpu6050_ble.dir/C_/Program_Files/Raspberry_Pi/Pico_SDK_v1.5.1/pico-sdk/lib/btstack/src/btstack_run_loop.c.obj
                0x1000de44                btstack_run_loop_base_process_timers
 .text.btstack_run_loop_base_dump_timer
                0x1000de78       0x3c CMakeFiles/mpu6050_ble.dir/C_/Program_Files/Raspberry_Pi/Pico_SDK_v1.5.1/pico-sdk/lib/btstack/src/btstack_run_loop.c.obj
                0x1000de78                btstack_run_loop_base_dump_timer
 .text.btstack_run_loop_base_get_time_until_timeout
                0x1000deb4       0x24 CMakeFiles/mpu6050_ble.dir/C_/Program_Files/Raspberry_Pi/Pico_SDK_v1.5.1/pico-sdk/lib/btstack/src/btstack_run_loop.c.obj
                0x1000deb4                btstack_run_loop_base_get_time_until_timeout
 .text.btstack_run_loop_base_poll_data_sources
                0x1000ded8       0x28 CMakeFiles/mpu6050_ble.dir/C_/Program_Files/Raspberry_Pi/Pico_SDK_v1.5.1/pico-sdk/lib/btstack/src/btstack_run_loop.c.obj
                0x1000ded8                btstack_run_loop_base_poll_data_sources
 .text.btstack_run_loop_base_add_callback
                0x1000df00       0x10 CMakeFiles/mpu6050_ble.dir/C_/Program_Files/Raspberry_Pi/Pico_SDK_v1.5.1/pico-sdk/lib/btstack/src/btstack_run_loop.c.obj
                0x1000df00                btstack_run_loop_base_add_callback
 .text.btstack_run_loop_base_execute_callbacks
                0x1000df10       0x1c CMakeFiles/mpu6050_ble.dir/C_/Program_Files/Raspberry_Pi/Pico_SDK_v1.5.1/pico-sdk/lib/btstack/src/btstack_run_loop.c.obj
                0x1000df10                btstack_run_loop_base_execute_callbacks
 .text.btstack_run_loop_set_timer_handler
                0x1000df2c        0x4 CMakeFiles/mpu6050_ble.dir/C_/Program_Files/Raspberry_Pi/Pico_SDK_v1.5.1/pico-sdk/lib/btstack/src/btstack_run_loop.c.obj
                0x1000df2c                btstack_run_loop_set_timer_handler
 .text.btstack_run_loop_set_data_source_handler
                0x1000df30        0x4 CMakeFiles/mpu6050_ble.dir/C_/Program_Files/Raspberry_Pi/Pico_SDK_v1.5.1/pico-sdk/lib/btstack/src/btstack_run_loop.c.obj
                0x1000df30                btstack_run_loop_set_data_source_handler
 .text.btstack_run_loop_enable_data_source_callbacks
                0x1000df34       0x10 CMakeFiles/mpu6050_ble.dir/C_/Program_Files/Raspberry_Pi/Pico_SDK_v1.5.1/pico-sdk/lib/btstack/src/btstack_run_loop.c.obj
                0x1000df34                btstack_run_loop_enable_data_source_callbacks
 .text.btstack_run_loop_disable_data_source_callbacks
                0x1000df44       0x10 CMakeFiles/mpu6050_ble.dir/C_/Program_Files/Raspberry_Pi/Pico_SDK_v1.5.1/pico-sdk/lib/btstack/src/btstack_run_loop.c.obj
                0x1000df44                btstack_run_loop_disable_data_source_callbacks
 .text.btstack_run_loop_add_data_source
                0x1000df54       0x10 CMakeFiles/mpu6050_ble.dir/C_/Program_Files/Raspberry_Pi/Pico_SDK_v1.5.1/pico-sdk/lib/btstack/src/btstack_run_loop.c.obj
                0x1000df54                btstack_run_loop_add_data_source
 .text.btstack_run_loop_remove_data_source
                0x1000df64       0x10 CMakeFiles/mpu6050_ble.dir/C_/Program_Files/Raspberry_Pi/Pico_SDK_v1.5.1/pico-sdk/lib/btstack/src/btstack_run_loop.c.obj
                0x1000df64                btstack_run_loop_remove_data_source
 .text.btstack_run_loop_poll_data_sources_from_irq
                0x1000df74       0x10 CMakeFiles/mpu6050_ble.dir/C_/Program_Files/Raspberry_Pi/Pico_SDK_v1.5.1/pico-sdk/lib/btstack/src/btstack_run_loop.c.obj
                0x1000df74                btstack_run_loop_poll_data_sources_from_irq
 .text.btstack_run_loop_set_timer
                0x1000df84       0x10 CMakeFiles/mpu6050_ble.dir/C_/Program_Files/Raspberry_Pi/Pico_SDK_v1.5.1/pico-sdk/lib/btstack/src/btstack_run_loop.c.obj
                0x1000df84                btstack_run_loop_set_timer
 .text.btstack_run_loop_set_timer_context
                0x1000df94        0x4 CMakeFiles/mpu6050_ble.dir/C_/Program_Files/Raspberry_Pi/Pico_SDK_v1.5.1/pico-sdk/lib/btstack/src/btstack_run_loop.c.obj
                0x1000df94                btstack_run_loop_set_timer_context
 .text.btstack_run_loop_get_timer_context
                0x1000df98        0x4 CMakeFiles/mpu6050_ble.dir/C_/Program_Files/Raspberry_Pi/Pico_SDK_v1.5.1/pico-sdk/lib/btstack/src/btstack_run_loop.c.obj
                0x1000df98                btstack_run_loop_get_timer_context
 .text.btstack_run_loop_add_timer
                0x1000df9c       0x10 CMakeFiles/mpu6050_ble.dir/C_/Program_Files/Raspberry_Pi/Pico_SDK_v1.5.1/pico-sdk/lib/btstack/src/btstack_run_loop.c.obj
                0x1000df9c                btstack_run_loop_add_timer
 .text.btstack_run_loop_remove_timer
                0x1000dfac       0x10 CMakeFiles/mpu6050_ble.dir/C_/Program_Files/Raspberry_Pi/Pico_SDK_v1.5.1/pico-sdk/lib/btstack/src/btstack_run_loop.c.obj
                0x1000dfac                btstack_run_loop_remove_timer
 .text.btstack_run_loop_execute
                0x1000dfbc       0x10 CMakeFiles/mpu6050_ble.dir/C_/Program_Files/Raspberry_Pi/Pico_SDK_v1.5.1/pico-sdk/lib/btstack/src/btstack_run_loop.c.obj
                0x1000dfbc                btstack_run_loop_execute
 .text.btstack_run_loop_init
                0x1000dfcc       0x10 CMakeFiles/mpu6050_ble.dir/C_/Program_Files/Raspberry_Pi/Pico_SDK_v1.5.1/pico-sdk/lib/btstack/src/btstack_run_loop.c.obj
                0x1000dfcc                btstack_run_loop_init
 .text.btstack_run_loop_deinit
                0x1000dfdc        0xc CMakeFiles/mpu6050_ble.dir/C_/Program_Files/Raspberry_Pi/Pico_SDK_v1.5.1/pico-sdk/lib/btstack/src/btstack_run_loop.c.obj
                0x1000dfdc                btstack_run_loop_deinit
 .text.btstack_tlv_set_instance
                0x1000dfe8       0x34 CMakeFiles/mpu6050_ble.dir/C_/Program_Files/Raspberry_Pi/Pico_SDK_v1.5.1/pico-sdk/lib/btstack/src/btstack_tlv.c.obj
                0x1000dfe8                btstack_tlv_set_instance
 .text.btstack_tlv_get_instance
                0x1000e01c       0x18 CMakeFiles/mpu6050_ble.dir/C_/Program_Files/Raspberry_Pi/Pico_SDK_v1.5.1/pico-sdk/lib/btstack/src/btstack_tlv.c.obj
                0x1000e01c                btstack_tlv_get_instance
 .text.bd_addr_copy
                0x1000e034        0xc CMakeFiles/mpu6050_ble.dir/C_/Program_Files/Raspberry_Pi/Pico_SDK_v1.5.1/pico-sdk/lib/btstack/src/btstack_util.c.obj
                0x1000e034                bd_addr_copy
 .text.little_endian_read_16
                0x1000e040        0xc CMakeFiles/mpu6050_ble.dir/C_/Program_Files/Raspberry_Pi/Pico_SDK_v1.5.1/pico-sdk/lib/btstack/src/btstack_util.c.obj
                0x1000e040                little_endian_read_16
 .text.little_endian_read_32
                0x1000e04c       0x1c CMakeFiles/mpu6050_ble.dir/C_/Program_Files/Raspberry_Pi/Pico_SDK_v1.5.1/pico-sdk/lib/btstack/src/btstack_util.c.obj
                0x1000e04c                little_endian_read_32
 .text.little_endian_store_16
                0x1000e068        0xc CMakeFiles/mpu6050_ble.dir/C_/Program_Files/Raspberry_Pi/Pico_SDK_v1.5.1/pico-sdk/lib/btstack/src/btstack_util.c.obj
                0x1000e068                little_endian_store_16
 .text.little_endian_store_32
                0x1000e074       0x20 CMakeFiles/mpu6050_ble.dir/C_/Program_Files/Raspberry_Pi/Pico_SDK_v1.5.1/pico-sdk/lib/btstack/src/btstack_util.c.obj
                0x1000e074                little_endian_store_32
 .text.big_endian_read_16
                0x1000e094        0xc CMakeFiles/mpu6050_ble.dir/C_/Program_Files/Raspberry_Pi/Pico_SDK_v1.5.1/pico-sdk/lib/btstack/src/btstack_util.c.obj
                0x1000e094                big_endian_read_16
 .text.big_endian_read_32
                0x1000e0a0       0x1c CMakeFiles/mpu6050_ble.dir/C_/Program_Files/Raspberry_Pi/Pico_SDK_v1.5.1/pico-sdk/lib/btstack/src/btstack_util.c.obj
                0x1000e0a0                big_endian_read_32
 .text.big_endian_store_16
                0x1000e0bc        0xc CMakeFiles/mpu6050_ble.dir/C_/Program_Files/Raspberry_Pi/Pico_SDK_v1.5.1/pico-sdk/lib/btstack/src/btstack_util.c.obj
                0x1000e0bc                big_endian_store_16
 .text.big_endian_store_32
                0x1000e0c8       0x20 CMakeFiles/mpu6050_ble.dir/C_/Program_Files/Raspberry_Pi/Pico_SDK_v1.5.1/pico-sdk/lib/btstack/src/btstack_util.c.obj
                0x1000e0c8                big_endian_store_32
 .text.reverse_bytes
                0x1000e0e8       0x18 CMakeFiles/mpu6050_ble.dir/C_/Program_Files/Raspberry_Pi/Pico_SDK_v1.5.1/pico-sdk/lib/btstack/src/btstack_util.c.obj
                0x1000e0e8                reverse_bytes
 .text.reverse_56
                0x1000e100       0x20 CMakeFiles/mpu6050_ble.dir/C_/Program_Files/Raspberry_Pi/Pico_SDK_v1.5.1/pico-sdk/lib/btstack/src/btstack_util.c.obj
                0x1000e100                reverse_56
 .text.reverse_64
                0x1000e120       0x24 CMakeFiles/mpu6050_ble.dir/C_/Program_Files/Raspberry_Pi/Pico_SDK_v1.5.1/pico-sdk/lib/btstack/src/btstack_util.c.obj
                0x1000e120                reverse_64
 .text.reverse_128
                0x1000e144       0x44 CMakeFiles/mpu6050_ble.dir/C_/Program_Files/Raspberry_Pi/Pico_SDK_v1.5.1/pico-sdk/lib/btstack/src/btstack_util.c.obj
                0x1000e144                reverse_128
 .text.reverse_bd_addr
                0x1000e188       0x1c CMakeFiles/mpu6050_ble.dir/C_/Program_Files/Raspberry_Pi/Pico_SDK_v1.5.1/pico-sdk/lib/btstack/src/btstack_util.c.obj
                0x1000e188                reverse_bd_addr
 .text.btstack_is_null
                0x1000e1a4       0x20 CMakeFiles/mpu6050_ble.dir/C_/Program_Files/Raspberry_Pi/Pico_SDK_v1.5.1/pico-sdk/lib/btstack/src/btstack_util.c.obj
                0x1000e1a4                btstack_is_null
 .text.btstack_min
                0x1000e1c4        0xc CMakeFiles/mpu6050_ble.dir/C_/Program_Files/Raspberry_Pi/Pico_SDK_v1.5.1/pico-sdk/lib/btstack/src/btstack_util.c.obj
                0x1000e1c4                btstack_min
 .text.btstack_max
                0x1000e1d0        0xc CMakeFiles/mpu6050_ble.dir/C_/Program_Files/Raspberry_Pi/Pico_SDK_v1.5.1/pico-sdk/lib/btstack/src/btstack_util.c.obj
                0x1000e1d0                btstack_max
 .text.btstack_time_delta
                0x1000e1dc        0x4 CMakeFiles/mpu6050_ble.dir/C_/Program_Files/Raspberry_Pi/Pico_SDK_v1.5.1/pico-sdk/lib/btstack/src/btstack_util.c.obj
                0x1000e1dc                btstack_time_delta
 .text.log_info_hexdump
                0x1000e1e0       0xb4 CMakeFiles/mpu6050_ble.dir/C_/Program_Files/Raspberry_Pi/Pico_SDK_v1.5.1/pico-sdk/lib/btstack/src/btstack_util.c.obj
                0x1000e1e0                log_info_hexdump
 .text.log_info_key
                0x1000e294      0x1dc CMakeFiles/mpu6050_ble.dir/C_/Program_Files/Raspberry_Pi/Pico_SDK_v1.5.1/pico-sdk/lib/btstack/src/btstack_util.c.obj
                0x1000e294                log_info_key
 .text.bd_addr_to_str
                0x1000e470       0x78 CMakeFiles/mpu6050_ble.dir/C_/Program_Files/Raspberry_Pi/Pico_SDK_v1.5.1/pico-sdk/lib/btstack/src/btstack_util.c.obj
                0x1000e470                bd_addr_to_str
 .text.btstack_replace_bd_addr_placeholder
                0x1000e4e8       0xe4 CMakeFiles/mpu6050_ble.dir/C_/Program_Files/Raspberry_Pi/Pico_SDK_v1.5.1/pico-sdk/lib/btstack/src/btstack_util.c.obj
                0x1000e4e8                btstack_replace_bd_addr_placeholder
 .text.count_set_bits_uint32
                0x1000e5cc       0x4c CMakeFiles/mpu6050_ble.dir/C_/Program_Files/Raspberry_Pi/Pico_SDK_v1.5.1/pico-sdk/lib/btstack/src/btstack_util.c.obj
                0x1000e5cc                count_set_bits_uint32
 .text.hci_update_advertisements_enabled_for_current_roles
                0x1000e618       0xf0 CMakeFiles/mpu6050_ble.dir/C_/Program_Files/Raspberry_Pi/Pico_SDK_v1.5.1/pico-sdk/lib/btstack/src/hci.c.obj
 .text.hci_power_control_off
                0x1000e708       0x70 CMakeFiles/mpu6050_ble.dir/C_/Program_Files/Raspberry_Pi/Pico_SDK_v1.5.1/pico-sdk/lib/btstack/src/hci.c.obj
 .text.hci_power_enter_halting_state
                0x1000e778       0x88 CMakeFiles/mpu6050_ble.dir/C_/Program_Files/Raspberry_Pi/Pico_SDK_v1.5.1/pico-sdk/lib/btstack/src/hci.c.obj
 .text.hci_discard_connections
                0x1000e800      0x144 CMakeFiles/mpu6050_ble.dir/C_/Program_Files/Raspberry_Pi/Pico_SDK_v1.5.1/pico-sdk/lib/btstack/src/hci.c.obj
 .text.hci_shutdown_connection
                0x1000e944       0xcc CMakeFiles/mpu6050_ble.dir/C_/Program_Files/Raspberry_Pi/Pico_SDK_v1.5.1/pico-sdk/lib/btstack/src/hci.c.obj
 .text.hci_power_control_on
                0x1000ea10      0x12c CMakeFiles/mpu6050_ble.dir/C_/Program_Files/Raspberry_Pi/Pico_SDK_v1.5.1/pico-sdk/lib/btstack/src/hci.c.obj
 .text.gap_get_connection_parameter_range
                0x1000eb3c       0x18 CMakeFiles/mpu6050_ble.dir/C_/Program_Files/Raspberry_Pi/Pico_SDK_v1.5.1/pico-sdk/lib/btstack/src/hci.c.obj
                0x1000eb3c                gap_get_connection_parameter_range
 .text.gap_connection_parameter_range_included
                0x1000eb54       0x34 CMakeFiles/mpu6050_ble.dir/C_/Program_Files/Raspberry_Pi/Pico_SDK_v1.5.1/pico-sdk/lib/btstack/src/hci.c.obj
                0x1000eb54                gap_connection_parameter_range_included
 .text.hci_connections_get_iterator
                0x1000eb88       0x14 CMakeFiles/mpu6050_ble.dir/C_/Program_Files/Raspberry_Pi/Pico_SDK_v1.5.1/pico-sdk/lib/btstack/src/hci.c.obj
                0x1000eb88                hci_connections_get_iterator
 .text.hci_connection_for_handle
                0x1000eb9c       0x34 CMakeFiles/mpu6050_ble.dir/C_/Program_Files/Raspberry_Pi/Pico_SDK_v1.5.1/pico-sdk/lib/btstack/src/hci.c.obj
                0x1000eb9c                hci_connection_for_handle
 .text.hci_number_free_acl_slots_for_connection_type
                0x1000ebd0       0xfc CMakeFiles/mpu6050_ble.dir/C_/Program_Files/Raspberry_Pi/Pico_SDK_v1.5.1/pico-sdk/lib/btstack/src/hci.c.obj
                0x1000ebd0                hci_number_free_acl_slots_for_connection_type
 .text.hci_send_acl_packet_fragments
                0x1000eccc      0x1ec CMakeFiles/mpu6050_ble.dir/C_/Program_Files/Raspberry_Pi/Pico_SDK_v1.5.1/pico-sdk/lib/btstack/src/hci.c.obj
 .text.hci_can_send_command_packet_now
                0x1000eeb8       0x38 CMakeFiles/mpu6050_ble.dir/C_/Program_Files/Raspberry_Pi/Pico_SDK_v1.5.1/pico-sdk/lib/btstack/src/hci.c.obj
                0x1000eeb8                hci_can_send_command_packet_now
 .text.hci_can_send_acl_le_packet_now
                0x1000eef0       0x38 CMakeFiles/mpu6050_ble.dir/C_/Program_Files/Raspberry_Pi/Pico_SDK_v1.5.1/pico-sdk/lib/btstack/src/hci.c.obj
                0x1000eef0                hci_can_send_acl_le_packet_now
 .text.hci_can_send_prepared_acl_packet_now
                0x1000ef28       0x74 CMakeFiles/mpu6050_ble.dir/C_/Program_Files/Raspberry_Pi/Pico_SDK_v1.5.1/pico-sdk/lib/btstack/src/hci.c.obj
                0x1000ef28                hci_can_send_prepared_acl_packet_now
 .text.hci_can_send_acl_packet_now
                0x1000ef9c       0x7c CMakeFiles/mpu6050_ble.dir/C_/Program_Files/Raspberry_Pi/Pico_SDK_v1.5.1/pico-sdk/lib/btstack/src/hci.c.obj
                0x1000ef9c                hci_can_send_acl_packet_now
 .text.hci_is_packet_buffer_reserved
                0x1000f018       0x10 CMakeFiles/mpu6050_ble.dir/C_/Program_Files/Raspberry_Pi/Pico_SDK_v1.5.1/pico-sdk/lib/btstack/src/hci.c.obj
                0x1000f018                hci_is_packet_buffer_reserved
 .text.hci_reserve_packet_buffer
                0x1000f028       0x38 CMakeFiles/mpu6050_ble.dir/C_/Program_Files/Raspberry_Pi/Pico_SDK_v1.5.1/pico-sdk/lib/btstack/src/hci.c.obj
                0x1000f028                hci_reserve_packet_buffer
 .text.hci_release_packet_buffer
                0x1000f060       0x14 CMakeFiles/mpu6050_ble.dir/C_/Program_Files/Raspberry_Pi/Pico_SDK_v1.5.1/pico-sdk/lib/btstack/src/hci.c.obj
                0x1000f060                hci_release_packet_buffer
 .text.hci_send_acl_packet_buffer
                0x1000f074      0x150 CMakeFiles/mpu6050_ble.dir/C_/Program_Files/Raspberry_Pi/Pico_SDK_v1.5.1/pico-sdk/lib/btstack/src/hci.c.obj
                0x1000f074                hci_send_acl_packet_buffer
 .text.hci_get_outgoing_packet_buffer
                0x1000f1c4        0xc CMakeFiles/mpu6050_ble.dir/C_/Program_Files/Raspberry_Pi/Pico_SDK_v1.5.1/pico-sdk/lib/btstack/src/hci.c.obj
                0x1000f1c4                hci_get_outgoing_packet_buffer
 .text.gap_le_get_own_address
                0x1000f1d0       0x30 CMakeFiles/mpu6050_ble.dir/C_/Program_Files/Raspberry_Pi/Pico_SDK_v1.5.1/pico-sdk/lib/btstack/src/hci.c.obj
                0x1000f1d0                gap_le_get_own_address
 .text.gap_le_get_own_advertisements_address
                0x1000f200       0x30 CMakeFiles/mpu6050_ble.dir/C_/Program_Files/Raspberry_Pi/Pico_SDK_v1.5.1/pico-sdk/lib/btstack/src/hci.c.obj
                0x1000f200                gap_le_get_own_advertisements_address
 .text.hci_add_event_handler
                0x1000f230       0x14 CMakeFiles/mpu6050_ble.dir/C_/Program_Files/Raspberry_Pi/Pico_SDK_v1.5.1/pico-sdk/lib/btstack/src/hci.c.obj
                0x1000f230                hci_add_event_handler
 .text.hci_register_acl_packet_handler
                0x1000f244        0xc CMakeFiles/mpu6050_ble.dir/C_/Program_Files/Raspberry_Pi/Pico_SDK_v1.5.1/pico-sdk/lib/btstack/src/hci.c.obj
                0x1000f244                hci_register_acl_packet_handler
 .text.hci_init
                0x1000f250      0x134 CMakeFiles/mpu6050_ble.dir/C_/Program_Files/Raspberry_Pi/Pico_SDK_v1.5.1/pico-sdk/lib/btstack/src/hci.c.obj
                0x1000f250                hci_init
 .text.hci_set_chipset
                0x1000f384       0x1c CMakeFiles/mpu6050_ble.dir/C_/Program_Files/Raspberry_Pi/Pico_SDK_v1.5.1/pico-sdk/lib/btstack/src/hci.c.obj
                0x1000f384                hci_set_chipset
 .text.hci_set_bd_addr
                0x1000f3a0       0x24 CMakeFiles/mpu6050_ble.dir/C_/Program_Files/Raspberry_Pi/Pico_SDK_v1.5.1/pico-sdk/lib/btstack/src/hci.c.obj
                0x1000f3a0                hci_set_bd_addr
 .text.gap_local_bd_addr
                0x1000f3c4       0x14 CMakeFiles/mpu6050_ble.dir/C_/Program_Files/Raspberry_Pi/Pico_SDK_v1.5.1/pico-sdk/lib/btstack/src/hci.c.obj
                0x1000f3c4                gap_local_bd_addr
 .text.hci_send_cmd
                0x1000f3d8      0x128 CMakeFiles/mpu6050_ble.dir/C_/Program_Files/Raspberry_Pi/Pico_SDK_v1.5.1/pico-sdk/lib/btstack/src/hci.c.obj
                0x1000f3d8                hci_send_cmd
 .text.hci_emit_state
                0x1000f500       0x74 CMakeFiles/mpu6050_ble.dir/C_/Program_Files/Raspberry_Pi/Pico_SDK_v1.5.1/pico-sdk/lib/btstack/src/hci.c.obj
                0x1000f500                hci_emit_state
 .text.hci_halting_run
                0x1000f574      0x1c8 CMakeFiles/mpu6050_ble.dir/C_/Program_Files/Raspberry_Pi/Pico_SDK_v1.5.1/pico-sdk/lib/btstack/src/hci.c.obj
 .text.hci_halting_timeout_handler
                0x1000f73c       0x18 CMakeFiles/mpu6050_ble.dir/C_/Program_Files/Raspberry_Pi/Pico_SDK_v1.5.1/pico-sdk/lib/btstack/src/hci.c.obj
 .text.hci_run  0x1000f754      0xecc CMakeFiles/mpu6050_ble.dir/C_/Program_Files/Raspberry_Pi/Pico_SDK_v1.5.1/pico-sdk/lib/btstack/src/hci.c.obj
 .text.hci_initialization_timeout_handler
                0x10010620      0x148 CMakeFiles/mpu6050_ble.dir/C_/Program_Files/Raspberry_Pi/Pico_SDK_v1.5.1/pico-sdk/lib/btstack/src/hci.c.obj
 .text.packet_handler
                0x10010768     0x121c CMakeFiles/mpu6050_ble.dir/C_/Program_Files/Raspberry_Pi/Pico_SDK_v1.5.1/pico-sdk/lib/btstack/src/hci.c.obj
 .text.hci_close
                0x10011984       0xd4 CMakeFiles/mpu6050_ble.dir/C_/Program_Files/Raspberry_Pi/Pico_SDK_v1.5.1/pico-sdk/lib/btstack/src/hci.c.obj
                0x10011984                hci_close
 .text.hci_power_control
                0x10011a58      0x198 CMakeFiles/mpu6050_ble.dir/C_/Program_Files/Raspberry_Pi/Pico_SDK_v1.5.1/pico-sdk/lib/btstack/src/hci.c.obj
                0x10011a58                hci_power_control
 .text.gap_advertisements_set_data
                0x10011bf0       0x28 CMakeFiles/mpu6050_ble.dir/C_/Program_Files/Raspberry_Pi/Pico_SDK_v1.5.1/pico-sdk/lib/btstack/src/hci.c.obj
                0x10011bf0                gap_advertisements_set_data
 .text.hci_le_advertisements_set_params
                0x10011c18       0x80 CMakeFiles/mpu6050_ble.dir/C_/Program_Files/Raspberry_Pi/Pico_SDK_v1.5.1/pico-sdk/lib/btstack/src/hci.c.obj
                0x10011c18                hci_le_advertisements_set_params
 .text.gap_advertisements_enable
                0x10011c98       0x30 CMakeFiles/mpu6050_ble.dir/C_/Program_Files/Raspberry_Pi/Pico_SDK_v1.5.1/pico-sdk/lib/btstack/src/hci.c.obj
                0x10011c98                gap_advertisements_enable
 .text.hci_le_set_own_address_type
                0x10011cc8       0x50 CMakeFiles/mpu6050_ble.dir/C_/Program_Files/Raspberry_Pi/Pico_SDK_v1.5.1/pico-sdk/lib/btstack/src/hci.c.obj
                0x10011cc8                hci_le_set_own_address_type
 .text.hci_le_random_address_set
                0x10011d18       0x34 CMakeFiles/mpu6050_ble.dir/C_/Program_Files/Raspberry_Pi/Pico_SDK_v1.5.1/pico-sdk/lib/btstack/src/hci.c.obj
                0x10011d18                hci_le_random_address_set
 .text.gap_get_connection_type
                0x10011d4c       0x5c CMakeFiles/mpu6050_ble.dir/C_/Program_Files/Raspberry_Pi/Pico_SDK_v1.5.1/pico-sdk/lib/btstack/src/hci.c.obj
                0x10011d4c                gap_get_connection_type
 .text.hci_get_state
                0x10011da8       0x10 CMakeFiles/mpu6050_ble.dir/C_/Program_Files/Raspberry_Pi/Pico_SDK_v1.5.1/pico-sdk/lib/btstack/src/hci.c.obj
                0x10011da8                hci_get_state
 .text.gap_encryption_key_size
                0x10011db8       0x4c CMakeFiles/mpu6050_ble.dir/C_/Program_Files/Raspberry_Pi/Pico_SDK_v1.5.1/pico-sdk/lib/btstack/src/hci.c.obj
                0x10011db8                gap_encryption_key_size
 .text.gap_authenticated
                0x10011e04       0x54 CMakeFiles/mpu6050_ble.dir/C_/Program_Files/Raspberry_Pi/Pico_SDK_v1.5.1/pico-sdk/lib/btstack/src/hci.c.obj
                0x10011e04                gap_authenticated
 .text.gap_secure_connection
                0x10011e58       0x54 CMakeFiles/mpu6050_ble.dir/C_/Program_Files/Raspberry_Pi/Pico_SDK_v1.5.1/pico-sdk/lib/btstack/src/hci.c.obj
                0x10011e58                gap_secure_connection
 .text.gap_authorization_state
                0x10011eac       0x50 CMakeFiles/mpu6050_ble.dir/C_/Program_Files/Raspberry_Pi/Pico_SDK_v1.5.1/pico-sdk/lib/btstack/src/hci.c.obj
                0x10011eac                gap_authorization_state
 .text.hci_cmd_create_from_template
                0x10011efc      0x320 CMakeFiles/mpu6050_ble.dir/C_/Program_Files/Raspberry_Pi/Pico_SDK_v1.5.1/pico-sdk/lib/btstack/src/hci_cmd.c.obj
                0x10011efc                hci_cmd_create_from_template
 .text.hci_dump_packet
                0x1001221c       0x70 CMakeFiles/mpu6050_ble.dir/C_/Program_Files/Raspberry_Pi/Pico_SDK_v1.5.1/pico-sdk/lib/btstack/src/hci_dump.c.obj
                0x1001221c                hci_dump_packet
 .text.hci_dump_log
                0x1001228c       0x38 CMakeFiles/mpu6050_ble.dir/C_/Program_Files/Raspberry_Pi/Pico_SDK_v1.5.1/pico-sdk/lib/btstack/src/hci_dump.c.obj
                0x1001228c                hci_dump_log
 .text.l2cap_notify_channel_can_send
                0x100122c4       0x90 CMakeFiles/mpu6050_ble.dir/C_/Program_Files/Raspberry_Pi/Pico_SDK_v1.5.1/pico-sdk/lib/btstack/src/l2cap.c.obj
 .text.l2cap_send_signaling_packet.constprop.0
                0x10012354       0x54 CMakeFiles/mpu6050_ble.dir/C_/Program_Files/Raspberry_Pi/Pico_SDK_v1.5.1/pico-sdk/lib/btstack/src/l2cap.c.obj
 .text.l2cap_send_le_signaling_packet
                0x100123a8       0x18 CMakeFiles/mpu6050_ble.dir/C_/Program_Files/Raspberry_Pi/Pico_SDK_v1.5.1/pico-sdk/lib/btstack/src/l2cap.c.obj
 .text.l2cap_init
                0x100123c0       0x58 CMakeFiles/mpu6050_ble.dir/C_/Program_Files/Raspberry_Pi/Pico_SDK_v1.5.1/pico-sdk/lib/btstack/src/l2cap.c.obj
                0x100123c0                l2cap_init
 .text.l2cap_request_can_send_fix_channel_now_event
                0x10012418       0x3c CMakeFiles/mpu6050_ble.dir/C_/Program_Files/Raspberry_Pi/Pico_SDK_v1.5.1/pico-sdk/lib/btstack/src/l2cap.c.obj
                0x10012418                l2cap_request_can_send_fix_channel_now_event
 .text.l2cap_can_send_fixed_channel_packet_now
                0x10012454        0x8 CMakeFiles/mpu6050_ble.dir/C_/Program_Files/Raspberry_Pi/Pico_SDK_v1.5.1/pico-sdk/lib/btstack/src/l2cap.c.obj
                0x10012454                l2cap_can_send_fixed_channel_packet_now
 .text.l2cap_get_outgoing_buffer
                0x1001245c        0xc CMakeFiles/mpu6050_ble.dir/C_/Program_Files/Raspberry_Pi/Pico_SDK_v1.5.1/pico-sdk/lib/btstack/src/l2cap.c.obj
                0x1001245c                l2cap_get_outgoing_buffer
 .text.l2cap_reserve_packet_buffer
                0x10012468        0x8 CMakeFiles/mpu6050_ble.dir/C_/Program_Files/Raspberry_Pi/Pico_SDK_v1.5.1/pico-sdk/lib/btstack/src/l2cap.c.obj
                0x10012468                l2cap_reserve_packet_buffer
 .text.l2cap_release_packet_buffer
                0x10012470        0x8 CMakeFiles/mpu6050_ble.dir/C_/Program_Files/Raspberry_Pi/Pico_SDK_v1.5.1/pico-sdk/lib/btstack/src/l2cap.c.obj
                0x10012470                l2cap_release_packet_buffer
 .text.l2cap_send_prepared_connectionless
                0x10012478       0x8c CMakeFiles/mpu6050_ble.dir/C_/Program_Files/Raspberry_Pi/Pico_SDK_v1.5.1/pico-sdk/lib/btstack/src/l2cap.c.obj
                0x10012478                l2cap_send_prepared_connectionless
 .text.l2cap_run
                0x10012504      0x1e0 CMakeFiles/mpu6050_ble.dir/C_/Program_Files/Raspberry_Pi/Pico_SDK_v1.5.1/pico-sdk/lib/btstack/src/l2cap.c.obj
 .text.l2cap_hci_event_handler
                0x100126e4       0x2c CMakeFiles/mpu6050_ble.dir/C_/Program_Files/Raspberry_Pi/Pico_SDK_v1.5.1/pico-sdk/lib/btstack/src/l2cap.c.obj
 .text.l2cap_acl_handler
                0x10012710      0x2bc CMakeFiles/mpu6050_ble.dir/C_/Program_Files/Raspberry_Pi/Pico_SDK_v1.5.1/pico-sdk/lib/btstack/src/l2cap.c.obj
 .text.l2cap_send_connectionless
                0x100129cc       0x50 CMakeFiles/mpu6050_ble.dir/C_/Program_Files/Raspberry_Pi/Pico_SDK_v1.5.1/pico-sdk/lib/btstack/src/l2cap.c.obj
                0x100129cc                l2cap_send_connectionless
 .text.l2cap_max_le_mtu
                0x10012a1c       0x10 CMakeFiles/mpu6050_ble.dir/C_/Program_Files/Raspberry_Pi/Pico_SDK_v1.5.1/pico-sdk/lib/btstack/src/l2cap.c.obj
                0x10012a1c                l2cap_max_le_mtu
 .text.l2cap_register_fixed_channel
                0x10012a2c       0x38 CMakeFiles/mpu6050_ble.dir/C_/Program_Files/Raspberry_Pi/Pico_SDK_v1.5.1/pico-sdk/lib/btstack/src/l2cap.c.obj
                0x10012a2c                l2cap_register_fixed_channel
 .text.l2cap_create_signaling_packet
                0x10012a64      0x110 CMakeFiles/mpu6050_ble.dir/C_/Program_Files/Raspberry_Pi/Pico_SDK_v1.5.1/pico-sdk/lib/btstack/src/l2cap_signaling.c.obj
                0x10012a64                l2cap_create_signaling_packet
 .text.btstack_cyw43_init
                0x10012b74       0x44 CMakeFiles/mpu6050_ble.dir/C_/Program_Files/Raspberry_Pi/Pico_SDK_v1.5.1/pico-sdk/src/rp2_common/pico_cyw43_driver/btstack_cyw43.c.obj
                0x10012b74                btstack_cyw43_init
 .text.btstack_cyw43_deinit
                0x10012bb8       0x18 CMakeFiles/mpu6050_ble.dir/C_/Program_Files/Raspberry_Pi/Pico_SDK_v1.5.1/pico-sdk/src/rp2_common/pico_cyw43_driver/btstack_cyw43.c.obj
                0x10012bb8                btstack_cyw43_deinit
 .text.pico_flash_bank_get_size
                0x10012bd0        0x8 CMakeFiles/mpu6050_ble.dir/C_/Program_Files/Raspberry_Pi/Pico_SDK_v1.5.1/pico-sdk/src/rp2_common/pico_btstack/btstack_flash_bank.c.obj
 .text.pico_flash_bank_get_alignment
                0x10012bd8        0x4 CMakeFiles/mpu6050_ble.dir/C_/Program_Files/Raspberry_Pi/Pico_SDK_v1.5.1/pico-sdk/src/rp2_common/pico_btstack/btstack_flash_bank.c.obj
 .text.pico_flash_bank_erase
                0x10012bdc       0x38 CMakeFiles/mpu6050_ble.dir/C_/Program_Files/Raspberry_Pi/Pico_SDK_v1.5.1/pico-sdk/src/rp2_common/pico_btstack/btstack_flash_bank.c.obj
 .text.pico_flash_bank_read
                0x10012c14       0x30 CMakeFiles/mpu6050_ble.dir/C_/Program_Files/Raspberry_Pi/Pico_SDK_v1.5.1/pico-sdk/src/rp2_common/pico_btstack/btstack_flash_bank.c.obj
 .text.pico_flash_bank_write.part.0
                0x10012c44      0x104 CMakeFiles/mpu6050_ble.dir/C_/Program_Files/Raspberry_Pi/Pico_SDK_v1.5.1/pico-sdk/src/rp2_common/pico_btstack/btstack_flash_bank.c.obj
 .text.pico_flash_bank_write
                0x10012d48       0x1c CMakeFiles/mpu6050_ble.dir/C_/Program_Files/Raspberry_Pi/Pico_SDK_v1.5.1/pico-sdk/src/rp2_common/pico_btstack/btstack_flash_bank.c.obj
 .text.pico_flash_bank_perform_flash_mutation_operation
                0x10012d64       0x24 CMakeFiles/mpu6050_ble.dir/C_/Program_Files/Raspberry_Pi/Pico_SDK_v1.5.1/pico-sdk/src/rp2_common/pico_btstack/btstack_flash_bank.c.obj
 .text.pico_flash_bank_instance
                0x10012d88        0x8 CMakeFiles/mpu6050_ble.dir/C_/Program_Files/Raspberry_Pi/Pico_SDK_v1.5.1/pico-sdk/src/rp2_common/pico_btstack/btstack_flash_bank.c.obj
                0x10012d88                pico_flash_bank_instance
 .text.default_core_init_deinit
                0x10012d90        0x4 CMakeFiles/mpu6050_ble.dir/C_/Program_Files/Raspberry_Pi/Pico_SDK_v1.5.1/pico-sdk/src/rp2_common/pico_flash/flash.c.obj
 .text.default_enter_safe_zone_timeout_ms
                0x10012d94       0x1c CMakeFiles/mpu6050_ble.dir/C_/Program_Files/Raspberry_Pi/Pico_SDK_v1.5.1/pico-sdk/src/rp2_common/pico_flash/flash.c.obj
 .text.default_exit_safe_zone_timeout_ms
                0x10012db0       0x18 CMakeFiles/mpu6050_ble.dir/C_/Program_Files/Raspberry_Pi/Pico_SDK_v1.5.1/pico-sdk/src/rp2_common/pico_flash/flash.c.obj
 .text.get_flash_safety_helper
                0x10012dc8        0x8 CMakeFiles/mpu6050_ble.dir/C_/Program_Files/Raspberry_Pi/Pico_SDK_v1.5.1/pico-sdk/src/rp2_common/pico_flash/flash.c.obj
                0x10012dc8                get_flash_safety_helper
 .text.flash_safe_execute
                0x10012dd0       0x2c CMakeFiles/mpu6050_ble.dir/C_/Program_Files/Raspberry_Pi/Pico_SDK_v1.5.1/pico-sdk/src/rp2_common/pico_flash/flash.c.obj
                0x10012dd0                flash_safe_execute
 .text.timer_pool_entry_comparator
                0x10012dfc       0x34 CMakeFiles/mpu6050_ble.dir/C_/Program_Files/Raspberry_Pi/Pico_SDK_v1.5.1/pico-sdk/src/common/pico_time/time.c.obj
                0x10012dfc                timer_pool_entry_comparator
 .text.sleep_until_callback
                0x10012e30       0x30 CMakeFiles/mpu6050_ble.dir/C_/Program_Files/Raspberry_Pi/Pico_SDK_v1.5.1/pico-sdk/src/common/pico_time/time.c.obj
 .text.add_alarm_under_lock.isra.0
                0x10012e60      0x100 CMakeFiles/mpu6050_ble.dir/C_/Program_Files/Raspberry_Pi/Pico_SDK_v1.5.1/pico-sdk/src/common/pico_time/time.c.obj
 .text.alarm_pool_alarm_callback
                0x10012f60      0x1bc CMakeFiles/mpu6050_ble.dir/C_/Program_Files/Raspberry_Pi/Pico_SDK_v1.5.1/pico-sdk/src/common/pico_time/time.c.obj
 .text.alarm_pool_init_default
                0x1001311c       0x6c CMakeFiles/mpu6050_ble.dir/C_/Program_Files/Raspberry_Pi/Pico_SDK_v1.5.1/pico-sdk/src/common/pico_time/time.c.obj
                0x1001311c                alarm_pool_init_default
 .text.alarm_pool_get_default
                0x10013188        0x8 CMakeFiles/mpu6050_ble.dir/C_/Program_Files/Raspberry_Pi/Pico_SDK_v1.5.1/pico-sdk/src/common/pico_time/time.c.obj
                0x10013188                alarm_pool_get_default
 .text.alarm_pool_add_alarm_at
                0x10013190      0x178 CMakeFiles/mpu6050_ble.dir/C_/Program_Files/Raspberry_Pi/Pico_SDK_v1.5.1/pico-sdk/src/common/pico_time/time.c.obj
                0x10013190                alarm_pool_add_alarm_at
 .text.alarm_pool_cancel_alarm
                0x10013308       0x78 CMakeFiles/mpu6050_ble.dir/C_/Program_Files/Raspberry_Pi/Pico_SDK_v1.5.1/pico-sdk/src/common/pico_time/time.c.obj
                0x10013308                alarm_pool_cancel_alarm
 .text.alarm_pool_core_num
                0x10013380        0x4 CMakeFiles/mpu6050_ble.dir/C_/Program_Files/Raspberry_Pi/Pico_SDK_v1.5.1/pico-sdk/src/common/pico_time/time.c.obj
                0x10013380                alarm_pool_core_num
 .text.sleep_until
                0x10013384       0xc4 CMakeFiles/mpu6050_ble.dir/C_/Program_Files/Raspberry_Pi/Pico_SDK_v1.5.1/pico-sdk/src/common/pico_time/time.c.obj
                0x10013384                sleep_until
 .text.sleep_ms
                0x10013448       0x34 CMakeFiles/mpu6050_ble.dir/C_/Program_Files/Raspberry_Pi/Pico_SDK_v1.5.1/pico-sdk/src/common/pico_time/time.c.obj
                0x10013448                sleep_ms
 .text.best_effort_wfe_or_timeout
                0x1001347c       0xd4 CMakeFiles/mpu6050_ble.dir/C_/Program_Files/Raspberry_Pi/Pico_SDK_v1.5.1/pico-sdk/src/common/pico_time/time.c.obj
                0x1001347c                best_effort_wfe_or_timeout
 .text.hardware_alarm_irq_handler
                0x10013550       0xbc CMakeFiles/mpu6050_ble.dir/C_/Program_Files/Raspberry_Pi/Pico_SDK_v1.5.1/pico-sdk/src/rp2_common/hardware_timer/timer.c.obj
 .text.hardware_alarm_claim
                0x1001360c       0x18 CMakeFiles/mpu6050_ble.dir/C_/Program_Files/Raspberry_Pi/Pico_SDK_v1.5.1/pico-sdk/src/rp2_common/hardware_timer/timer.c.obj
                0x1001360c                hardware_alarm_claim
 .text.time_us_64
                0x10013624       0x14 CMakeFiles/mpu6050_ble.dir/C_/Program_Files/Raspberry_Pi/Pico_SDK_v1.5.1/pico-sdk/src/rp2_common/hardware_timer/timer.c.obj
                0x10013624                time_us_64
 .text.busy_wait_until
                0x10013638       0x20 CMakeFiles/mpu6050_ble.dir/C_/Program_Files/Raspberry_Pi/Pico_SDK_v1.5.1/pico-sdk/src/rp2_common/hardware_timer/timer.c.obj
                0x10013638                busy_wait_until
 .text.hardware_alarm_set_callback
                0x10013658       0x8c CMakeFiles/mpu6050_ble.dir/C_/Program_Files/Raspberry_Pi/Pico_SDK_v1.5.1/pico-sdk/src/rp2_common/hardware_timer/timer.c.obj
                0x10013658                hardware_alarm_set_callback
 .text.hardware_alarm_set_target
                0x100136e4       0xd4 CMakeFiles/mpu6050_ble.dir/C_/Program_Files/Raspberry_Pi/Pico_SDK_v1.5.1/pico-sdk/src/rp2_common/hardware_timer/timer.c.obj
                0x100136e4                hardware_alarm_set_target
 .text.hardware_alarm_cancel
                0x100137b8       0x3c CMakeFiles/mpu6050_ble.dir/C_/Program_Files/Raspberry_Pi/Pico_SDK_v1.5.1/pico-sdk/src/rp2_common/hardware_timer/timer.c.obj
                0x100137b8                hardware_alarm_cancel
 .text.running_on_fpga
                0x100137f4       0x10 CMakeFiles/mpu6050_ble.dir/C_/Program_Files/Raspberry_Pi/Pico_SDK_v1.5.1/pico-sdk/src/rp2_common/pico_platform/platform.c.obj
                0x100137f4                running_on_fpga
 .text.hw_claim_lock
                0x10013804       0x18 CMakeFiles/mpu6050_ble.dir/C_/Program_Files/Raspberry_Pi/Pico_SDK_v1.5.1/pico-sdk/src/rp2_common/hardware_claim/claim.c.obj
                0x10013804                hw_claim_lock
 .text.hw_claim_unlock
                0x1001381c       0x14 CMakeFiles/mpu6050_ble.dir/C_/Program_Files/Raspberry_Pi/Pico_SDK_v1.5.1/pico-sdk/src/rp2_common/hardware_claim/claim.c.obj
                0x1001381c                hw_claim_unlock
 .text.hw_claim_or_assert
                0x10013830       0x44 CMakeFiles/mpu6050_ble.dir/C_/Program_Files/Raspberry_Pi/Pico_SDK_v1.5.1/pico-sdk/src/rp2_common/hardware_claim/claim.c.obj
                0x10013830                hw_claim_or_assert
 .text.hw_claim_unused_from_range
                0x10013874       0x9c CMakeFiles/mpu6050_ble.dir/C_/Program_Files/Raspberry_Pi/Pico_SDK_v1.5.1/pico-sdk/src/rp2_common/hardware_claim/claim.c.obj
                0x10013874                hw_claim_unused_from_range
 .text.hw_claim_clear
                0x10013910       0x38 CMakeFiles/mpu6050_ble.dir/C_/Program_Files/Raspberry_Pi/Pico_SDK_v1.5.1/pico-sdk/src/rp2_common/hardware_claim/claim.c.obj
                0x10013910                hw_claim_clear
 .text.spin_locks_reset
                0x10013948       0x1c CMakeFiles/mpu6050_ble.dir/C_/Program_Files/Raspberry_Pi/Pico_SDK_v1.5.1/pico-sdk/src/rp2_common/hardware_sync/sync.c.obj
                0x10013948                spin_locks_reset
 .text.next_striped_spin_lock_num
                0x10013964       0x18 CMakeFiles/mpu6050_ble.dir/C_/Program_Files/Raspberry_Pi/Pico_SDK_v1.5.1/pico-sdk/src/rp2_common/hardware_sync/sync.c.obj
                0x10013964                next_striped_spin_lock_num
 .text.spin_lock_claim_unused
                0x1001397c       0x20 CMakeFiles/mpu6050_ble.dir/C_/Program_Files/Raspberry_Pi/Pico_SDK_v1.5.1/pico-sdk/src/rp2_common/hardware_sync/sync.c.obj
                0x1001397c                spin_lock_claim_unused
 .text.irq_set_enabled
                0x1001399c       0x24 CMakeFiles/mpu6050_ble.dir/C_/Program_Files/Raspberry_Pi/Pico_SDK_v1.5.1/pico-sdk/src/rp2_common/hardware_irq/irq.c.obj
                0x1001399c                irq_set_enabled
 .text.irq_set_pending
                0x100139c0       0x10 CMakeFiles/mpu6050_ble.dir/C_/Program_Files/Raspberry_Pi/Pico_SDK_v1.5.1/pico-sdk/src/rp2_common/hardware_irq/irq.c.obj
                0x100139c0                irq_set_pending
 .text.irq_has_shared_handler
                0x100139d0       0x2c CMakeFiles/mpu6050_ble.dir/C_/Program_Files/Raspberry_Pi/Pico_SDK_v1.5.1/pico-sdk/src/rp2_common/hardware_irq/irq.c.obj
                0x100139d0                irq_has_shared_handler
 .text.irq_get_vtable_handler
                0x100139fc       0x10 CMakeFiles/mpu6050_ble.dir/C_/Program_Files/Raspberry_Pi/Pico_SDK_v1.5.1/pico-sdk/src/rp2_common/hardware_irq/irq.c.obj
                0x100139fc                irq_get_vtable_handler
 .text.irq_set_exclusive_handler
                0x10013a0c       0x54 CMakeFiles/mpu6050_ble.dir/C_/Program_Files/Raspberry_Pi/Pico_SDK_v1.5.1/pico-sdk/src/rp2_common/hardware_irq/irq.c.obj
                0x10013a0c                irq_set_exclusive_handler
 .text.irq_add_shared_handler
                0x10013a60      0x1e8 CMakeFiles/mpu6050_ble.dir/C_/Program_Files/Raspberry_Pi/Pico_SDK_v1.5.1/pico-sdk/src/rp2_common/hardware_irq/irq.c.obj
                0x10013a60                irq_add_shared_handler
 .text.irq_remove_handler
                0x10013c48      0x1b0 CMakeFiles/mpu6050_ble.dir/C_/Program_Files/Raspberry_Pi/Pico_SDK_v1.5.1/pico-sdk/src/rp2_common/hardware_irq/irq.c.obj
                0x10013c48                irq_remove_handler
 .text.irq_set_priority
                0x10013df8       0x28 CMakeFiles/mpu6050_ble.dir/C_/Program_Files/Raspberry_Pi/Pico_SDK_v1.5.1/pico-sdk/src/rp2_common/hardware_irq/irq.c.obj
                0x10013df8                irq_set_priority
 .text.irq_add_tail_to_free_list
                0x10013e20       0xb4 CMakeFiles/mpu6050_ble.dir/C_/Program_Files/Raspberry_Pi/Pico_SDK_v1.5.1/pico-sdk/src/rp2_common/hardware_irq/irq.c.obj
                0x10013e20                irq_add_tail_to_free_list
 .text.irq_init_priorities
                0x10013ed4       0x24 CMakeFiles/mpu6050_ble.dir/C_/Program_Files/Raspberry_Pi/Pico_SDK_v1.5.1/pico-sdk/src/rp2_common/hardware_irq/irq.c.obj
                0x10013ed4                irq_init_priorities
 .text.user_irq_unclaim
                0x10013ef8       0x14 CMakeFiles/mpu6050_ble.dir/C_/Program_Files/Raspberry_Pi/Pico_SDK_v1.5.1/pico-sdk/src/rp2_common/hardware_irq/irq.c.obj
                0x10013ef8                user_irq_unclaim
 .text.user_irq_claim_unused
                0x10013f0c       0x28 CMakeFiles/mpu6050_ble.dir/C_/Program_Files/Raspberry_Pi/Pico_SDK_v1.5.1/pico-sdk/src/rp2_common/hardware_irq/irq.c.obj
                0x10013f0c                user_irq_claim_unused
 .text.sem_init
                0x10013f34       0x20 CMakeFiles/mpu6050_ble.dir/C_/Program_Files/Raspberry_Pi/Pico_SDK_v1.5.1/pico-sdk/src/common/pico_sync/sem.c.obj
                0x10013f34                sem_init
 .text.lock_init
                0x10013f54       0x10 CMakeFiles/mpu6050_ble.dir/C_/Program_Files/Raspberry_Pi/Pico_SDK_v1.5.1/pico-sdk/src/common/pico_sync/lock_core.c.obj
                0x10013f54                lock_init
 .text.mutex_init
                0x10013f64       0x1c CMakeFiles/mpu6050_ble.dir/C_/Program_Files/Raspberry_Pi/Pico_SDK_v1.5.1/pico-sdk/src/common/pico_sync/mutex.c.obj
                0x10013f64                mutex_init
 .text.recursive_mutex_init
                0x10013f80       0x1c CMakeFiles/mpu6050_ble.dir/C_/Program_Files/Raspberry_Pi/Pico_SDK_v1.5.1/pico-sdk/src/common/pico_sync/mutex.c.obj
                0x10013f80                recursive_mutex_init
 .text.critical_section_init
                0x10013f9c       0x20 CMakeFiles/mpu6050_ble.dir/C_/Program_Files/Raspberry_Pi/Pico_SDK_v1.5.1/pico-sdk/src/common/pico_sync/critical_section.c.obj
                0x10013f9c                critical_section_init
 .text.critical_section_init_with_lock_num
                0x10013fbc       0x14 CMakeFiles/mpu6050_ble.dir/C_/Program_Files/Raspberry_Pi/Pico_SDK_v1.5.1/pico-sdk/src/common/pico_sync/critical_section.c.obj
                0x10013fbc                critical_section_init_with_lock_num
 .text.ph_merge_nodes
                0x10013fd0       0x68 CMakeFiles/mpu6050_ble.dir/C_/Program_Files/Raspberry_Pi/Pico_SDK_v1.5.1/pico-sdk/src/common/pico_util/pheap.c.obj
 .text.ph_post_alloc_init
                0x10014038       0x3c CMakeFiles/mpu6050_ble.dir/C_/Program_Files/Raspberry_Pi/Pico_SDK_v1.5.1/pico-sdk/src/common/pico_util/pheap.c.obj
                0x10014038                ph_post_alloc_init
 .text.ph_merge_two_pass
                0x10014074       0x90 CMakeFiles/mpu6050_ble.dir/C_/Program_Files/Raspberry_Pi/Pico_SDK_v1.5.1/pico-sdk/src/common/pico_util/pheap.c.obj
                0x10014074                ph_merge_two_pass
 .text.ph_remove_any_head
                0x10014104      0x100 CMakeFiles/mpu6050_ble.dir/C_/Program_Files/Raspberry_Pi/Pico_SDK_v1.5.1/pico-sdk/src/common/pico_util/pheap.c.obj
 .text.ph_remove_head
                0x10014204      0x104 CMakeFiles/mpu6050_ble.dir/C_/Program_Files/Raspberry_Pi/Pico_SDK_v1.5.1/pico-sdk/src/common/pico_util/pheap.c.obj
                0x10014204                ph_remove_head
 .text.ph_remove_and_free_node
                0x10014308       0x7c CMakeFiles/mpu6050_ble.dir/C_/Program_Files/Raspberry_Pi/Pico_SDK_v1.5.1/pico-sdk/src/common/pico_util/pheap.c.obj
                0x10014308                ph_remove_and_free_node
 .text.btstack_run_loop_async_context_execute
                0x10014384       0x54 CMakeFiles/mpu6050_ble.dir/C_/Program_Files/Raspberry_Pi/Pico_SDK_v1.5.1/pico-sdk/src/rp2_common/pico_btstack/btstack_run_loop_async_context.c.obj
 .text.btstack_run_loop_async_context_trigger_exit
                0x100143d8        0xc CMakeFiles/mpu6050_ble.dir/C_/Program_Files/Raspberry_Pi/Pico_SDK_v1.5.1/pico-sdk/src/rp2_common/pico_btstack/btstack_run_loop_async_context.c.obj
 .text.btstack_run_loop_async_context_poll_data_sources_from_irq
                0x100143e4       0x18 CMakeFiles/mpu6050_ble.dir/C_/Program_Files/Raspberry_Pi/Pico_SDK_v1.5.1/pico-sdk/src/rp2_common/pico_btstack/btstack_run_loop_async_context.c.obj
 .text.btstack_timeout_reached
                0x100143fc       0x18 CMakeFiles/mpu6050_ble.dir/C_/Program_Files/Raspberry_Pi/Pico_SDK_v1.5.1/pico-sdk/src/rp2_common/pico_btstack/btstack_run_loop_async_context.c.obj
 .text.btstack_run_loop_async_context_execute_on_main_thread
                0x10014414       0x30 CMakeFiles/mpu6050_ble.dir/C_/Program_Files/Raspberry_Pi/Pico_SDK_v1.5.1/pico-sdk/src/rp2_common/pico_btstack/btstack_run_loop_async_context.c.obj
 .text.btstack_run_loop_async_context_get_time_ms
                0x10014444       0x20 CMakeFiles/mpu6050_ble.dir/C_/Program_Files/Raspberry_Pi/Pico_SDK_v1.5.1/pico-sdk/src/rp2_common/pico_btstack/btstack_run_loop_async_context.c.obj
 .text.btstack_run_loop_async_context_set_timer
                0x10014464       0x50 CMakeFiles/mpu6050_ble.dir/C_/Program_Files/Raspberry_Pi/Pico_SDK_v1.5.1/pico-sdk/src/rp2_common/pico_btstack/btstack_run_loop_async_context.c.obj
 .text.btstack_run_loop_async_context_dump_timer
                0x100144b4       0x20 CMakeFiles/mpu6050_ble.dir/C_/Program_Files/Raspberry_Pi/Pico_SDK_v1.5.1/pico-sdk/src/rp2_common/pico_btstack/btstack_run_loop_async_context.c.obj
 .text.btstack_run_loop_async_context_remove_timer
                0x100144d4       0x28 CMakeFiles/mpu6050_ble.dir/C_/Program_Files/Raspberry_Pi/Pico_SDK_v1.5.1/pico-sdk/src/rp2_common/pico_btstack/btstack_run_loop_async_context.c.obj
 .text.btstack_run_loop_async_context_add_timer
                0x100144fc       0x30 CMakeFiles/mpu6050_ble.dir/C_/Program_Files/Raspberry_Pi/Pico_SDK_v1.5.1/pico-sdk/src/rp2_common/pico_btstack/btstack_run_loop_async_context.c.obj
 .text.btstack_run_loop_async_context_disable_data_source_callbacks
                0x1001452c       0x28 CMakeFiles/mpu6050_ble.dir/C_/Program_Files/Raspberry_Pi/Pico_SDK_v1.5.1/pico-sdk/src/rp2_common/pico_btstack/btstack_run_loop_async_context.c.obj
 .text.btstack_run_loop_async_context_enable_data_source_callbacks
                0x10014554       0x28 CMakeFiles/mpu6050_ble.dir/C_/Program_Files/Raspberry_Pi/Pico_SDK_v1.5.1/pico-sdk/src/rp2_common/pico_btstack/btstack_run_loop_async_context.c.obj
 .text.btstack_run_loop_async_context_remove_data_source
                0x1001457c       0x28 CMakeFiles/mpu6050_ble.dir/C_/Program_Files/Raspberry_Pi/Pico_SDK_v1.5.1/pico-sdk/src/rp2_common/pico_btstack/btstack_run_loop_async_context.c.obj
 .text.btstack_run_loop_async_context_add_data_source
                0x100145a4       0x24 CMakeFiles/mpu6050_ble.dir/C_/Program_Files/Raspberry_Pi/Pico_SDK_v1.5.1/pico-sdk/src/rp2_common/pico_btstack/btstack_run_loop_async_context.c.obj
 .text.btstack_run_loop_async_context_init
                0x100145c8       0x34 CMakeFiles/mpu6050_ble.dir/C_/Program_Files/Raspberry_Pi/Pico_SDK_v1.5.1/pico-sdk/src/rp2_common/pico_btstack/btstack_run_loop_async_context.c.obj
 .text.btstack_work_pending
                0x100145fc       0xb8 CMakeFiles/mpu6050_ble.dir/C_/Program_Files/Raspberry_Pi/Pico_SDK_v1.5.1/pico-sdk/src/rp2_common/pico_btstack/btstack_run_loop_async_context.c.obj
 .text.btstack_run_loop_async_context_get_instance
                0x100146b4       0x10 CMakeFiles/mpu6050_ble.dir/C_/Program_Files/Raspberry_Pi/Pico_SDK_v1.5.1/pico-sdk/src/rp2_common/pico_btstack/btstack_run_loop_async_context.c.obj
                0x100146b4                btstack_run_loop_async_context_get_instance
 .text.async_context_base_add_at_time_worker
                0x100146c4       0x28 CMakeFiles/mpu6050_ble.dir/C_/Program_Files/Raspberry_Pi/Pico_SDK_v1.5.1/pico-sdk/src/rp2_common/pico_async_context/async_context_base.c.obj
                0x100146c4                async_context_base_add_at_time_worker
 .text.async_context_base_remove_at_time_worker
                0x100146ec       0x28 CMakeFiles/mpu6050_ble.dir/C_/Program_Files/Raspberry_Pi/Pico_SDK_v1.5.1/pico-sdk/src/rp2_common/pico_async_context/async_context_base.c.obj
                0x100146ec                async_context_base_remove_at_time_worker
 .text.async_context_base_add_when_pending_worker
                0x10014714       0x24 CMakeFiles/mpu6050_ble.dir/C_/Program_Files/Raspberry_Pi/Pico_SDK_v1.5.1/pico-sdk/src/rp2_common/pico_async_context/async_context_base.c.obj
                0x10014714                async_context_base_add_when_pending_worker
 .text.async_context_base_remove_when_pending_worker
                0x10014738       0x28 CMakeFiles/mpu6050_ble.dir/C_/Program_Files/Raspberry_Pi/Pico_SDK_v1.5.1/pico-sdk/src/rp2_common/pico_async_context/async_context_base.c.obj
                0x10014738                async_context_base_remove_when_pending_worker
 .text.async_context_base_execute_once
                0x10014760       0xe8 CMakeFiles/mpu6050_ble.dir/C_/Program_Files/Raspberry_Pi/Pico_SDK_v1.5.1/pico-sdk/src/rp2_common/pico_async_context/async_context_base.c.obj
                0x10014760                async_context_base_execute_once
 .text.cyw43_arch_set_async_context
                0x10014848        0xc CMakeFiles/mpu6050_ble.dir/C_/Program_Files/Raspberry_Pi/Pico_SDK_v1.5.1/pico-sdk/src/rp2_common/pico_cyw43_arch/cyw43_arch.c.obj
                0x10014848                cyw43_arch_set_async_context
 .text.cyw43_arch_gpio_put
                0x10014854       0x14 CMakeFiles/mpu6050_ble.dir/C_/Program_Files/Raspberry_Pi/Pico_SDK_v1.5.1/pico-sdk/src/rp2_common/pico_cyw43_arch/cyw43_arch.c.obj
                0x10014854                cyw43_arch_gpio_put
 .text.cyw43_arch_async_context
                0x10014868        0xc CMakeFiles/mpu6050_ble.dir/C_/Program_Files/Raspberry_Pi/Pico_SDK_v1.5.1/pico-sdk/src/rp2_common/pico_cyw43_arch/cyw43_arch.c.obj
                0x10014868                cyw43_arch_async_context
 .text.cyw43_arch_init
                0x10014874       0x80 CMakeFiles/mpu6050_ble.dir/C_/Program_Files/Raspberry_Pi/Pico_SDK_v1.5.1/pico-sdk/src/rp2_common/pico_cyw43_arch/cyw43_arch_threadsafe_background.c.obj
                0x10014874                cyw43_arch_init
 .text.startup._retrieve_unique_id_on_boot
                0x100148f4       0x10 CMakeFiles/mpu6050_ble.dir/C_/Program_Files/Raspberry_Pi/Pico_SDK_v1.5.1/pico-sdk/src/rp2_common/pico_unique_id/unique_id.c.obj
 .text.pico_get_unique_board_id
                0x10014904       0x10 CMakeFiles/mpu6050_ble.dir/C_/Program_Files/Raspberry_Pi/Pico_SDK_v1.5.1/pico-sdk/src/rp2_common/pico_unique_id/unique_id.c.obj
                0x10014904                pico_get_unique_board_id
 .text.pico_get_unique_board_id_string
                0x10014914      0x1a8 CMakeFiles/mpu6050_ble.dir/C_/Program_Files/Raspberry_Pi/Pico_SDK_v1.5.1/pico-sdk/src/rp2_common/pico_unique_id/unique_id.c.obj
                0x10014914                pico_get_unique_board_id_string
 .text.flash_get_unique_id
                0x10014abc       0x40 CMakeFiles/mpu6050_ble.dir/C_/Program_Files/Raspberry_Pi/Pico_SDK_v1.5.1/pico-sdk/src/rp2_common/hardware_flash/flash.c.obj
                0x10014abc                flash_get_unique_id
 .text.rom_func_lookup
                0x10014afc       0x10 CMakeFiles/mpu6050_ble.dir/C_/Program_Files/Raspberry_Pi/Pico_SDK_v1.5.1/pico-sdk/src/rp2_common/pico_bootrom/bootrom.c.obj
                0x10014afc                rom_func_lookup
 .text.rom_data_lookup
                0x10014b0c       0x10 CMakeFiles/mpu6050_ble.dir/C_/Program_Files/Raspberry_Pi/Pico_SDK_v1.5.1/pico-sdk/src/rp2_common/pico_bootrom/bootrom.c.obj
                0x10014b0c                rom_data_lookup
 .text.rom_funcs_lookup
                0x10014b1c       0x44 CMakeFiles/mpu6050_ble.dir/C_/Program_Files/Raspberry_Pi/Pico_SDK_v1.5.1/pico-sdk/src/rp2_common/pico_bootrom/bootrom.c.obj
                0x10014b1c                rom_funcs_lookup
 .text.ns_delay.constprop.0
                0x10014b60       0x20 CMakeFiles/mpu6050_ble.dir/C_/Program_Files/Raspberry_Pi/Pico_SDK_v1.5.1/pico-sdk/src/rp2_common/pico_cyw43_driver/cyw43_bus_pio_spi.c.obj
 .text.cyw43_spi_deinit
                0x10014b80       0x7c CMakeFiles/mpu6050_ble.dir/C_/Program_Files/Raspberry_Pi/Pico_SDK_v1.5.1/pico-sdk/src/rp2_common/pico_cyw43_driver/cyw43_bus_pio_spi.c.obj
                0x10014b80                cyw43_spi_deinit
 .text.cyw43_spi_init
                0x10014bfc      0x154 CMakeFiles/mpu6050_ble.dir/C_/Program_Files/Raspberry_Pi/Pico_SDK_v1.5.1/pico-sdk/src/rp2_common/pico_cyw43_driver/cyw43_bus_pio_spi.c.obj
                0x10014bfc                cyw43_spi_init
 .text.cyw43_spi_transfer
                0x10014d50      0x430 CMakeFiles/mpu6050_ble.dir/C_/Program_Files/Raspberry_Pi/Pico_SDK_v1.5.1/pico-sdk/src/rp2_common/pico_cyw43_driver/cyw43_bus_pio_spi.c.obj
                0x10014d50                cyw43_spi_transfer
 .text.cyw43_spi_gpio_setup
                0x10015180       0x3c CMakeFiles/mpu6050_ble.dir/C_/Program_Files/Raspberry_Pi/Pico_SDK_v1.5.1/pico-sdk/src/rp2_common/pico_cyw43_driver/cyw43_bus_pio_spi.c.obj
                0x10015180                cyw43_spi_gpio_setup
 .text.cyw43_spi_reset
                0x100151bc       0x28 CMakeFiles/mpu6050_ble.dir/C_/Program_Files/Raspberry_Pi/Pico_SDK_v1.5.1/pico-sdk/src/rp2_common/pico_cyw43_driver/cyw43_bus_pio_spi.c.obj
                0x100151bc                cyw43_spi_reset
 .text.read_reg_u32_swap
                0x100151e4       0x3c CMakeFiles/mpu6050_ble.dir/C_/Program_Files/Raspberry_Pi/Pico_SDK_v1.5.1/pico-sdk/src/rp2_common/pico_cyw43_driver/cyw43_bus_pio_spi.c.obj
                0x100151e4                read_reg_u32_swap
 .text.cyw43_read_reg_u32
                0x10015220       0x6c CMakeFiles/mpu6050_ble.dir/C_/Program_Files/Raspberry_Pi/Pico_SDK_v1.5.1/pico-sdk/src/rp2_common/pico_cyw43_driver/cyw43_bus_pio_spi.c.obj
                0x10015220                cyw43_read_reg_u32
 .text.cyw43_read_reg_u16
                0x1001528c       0x6c CMakeFiles/mpu6050_ble.dir/C_/Program_Files/Raspberry_Pi/Pico_SDK_v1.5.1/pico-sdk/src/rp2_common/pico_cyw43_driver/cyw43_bus_pio_spi.c.obj
                0x1001528c                cyw43_read_reg_u16
 .text.cyw43_read_reg_u8
                0x100152f8       0x6c CMakeFiles/mpu6050_ble.dir/C_/Program_Files/Raspberry_Pi/Pico_SDK_v1.5.1/pico-sdk/src/rp2_common/pico_cyw43_driver/cyw43_bus_pio_spi.c.obj
                0x100152f8                cyw43_read_reg_u8
 .text.write_reg_u32_swap
                0x10015364      0x1e0 CMakeFiles/mpu6050_ble.dir/C_/Program_Files/Raspberry_Pi/Pico_SDK_v1.5.1/pico-sdk/src/rp2_common/pico_cyw43_driver/cyw43_bus_pio_spi.c.obj
                0x10015364                write_reg_u32_swap
 .text.cyw43_write_reg_u32
                0x10015544      0x200 CMakeFiles/mpu6050_ble.dir/C_/Program_Files/Raspberry_Pi/Pico_SDK_v1.5.1/pico-sdk/src/rp2_common/pico_cyw43_driver/cyw43_bus_pio_spi.c.obj
                0x10015544                cyw43_write_reg_u32
 .text.cyw43_write_reg_u16
                0x10015744      0x200 CMakeFiles/mpu6050_ble.dir/C_/Program_Files/Raspberry_Pi/Pico_SDK_v1.5.1/pico-sdk/src/rp2_common/pico_cyw43_driver/cyw43_bus_pio_spi.c.obj
                0x10015744                cyw43_write_reg_u16
 .text.cyw43_write_reg_u8
                0x10015944      0x200 CMakeFiles/mpu6050_ble.dir/C_/Program_Files/Raspberry_Pi/Pico_SDK_v1.5.1/pico-sdk/src/rp2_common/pico_cyw43_driver/cyw43_bus_pio_spi.c.obj
                0x10015944                cyw43_write_reg_u8
 .text.cyw43_read_bytes
                0x10015b44       0x78 CMakeFiles/mpu6050_ble.dir/C_/Program_Files/Raspberry_Pi/Pico_SDK_v1.5.1/pico-sdk/src/rp2_common/pico_cyw43_driver/cyw43_bus_pio_spi.c.obj
                0x10015b44                cyw43_read_bytes
 .text.cyw43_write_bytes
                0x10015bbc       0xec CMakeFiles/mpu6050_ble.dir/C_/Program_Files/Raspberry_Pi/Pico_SDK_v1.5.1/pico-sdk/src/rp2_common/pico_cyw43_driver/cyw43_bus_pio_spi.c.obj
                0x10015bbc                cyw43_write_bytes
 .text.cyw43_set_backplane_window
                0x10015ca8       0x64 CMakeFiles/mpu6050_ble.dir/C_/Program_Files/Raspberry_Pi/Pico_SDK_v1.5.1/pico-sdk/lib/cyw43-driver/src/cyw43_ll.c.obj
 .text.cyw43_ll_parse_async_event
                0x10015d0c      0x13c CMakeFiles/mpu6050_ble.dir/C_/Program_Files/Raspberry_Pi/Pico_SDK_v1.5.1/pico-sdk/lib/cyw43-driver/src/cyw43_ll.c.obj
 .text.cyw43_kso_set
                0x10015e48       0xa0 CMakeFiles/mpu6050_ble.dir/C_/Program_Files/Raspberry_Pi/Pico_SDK_v1.5.1/pico-sdk/lib/cyw43-driver/src/cyw43_ll.c.obj
 .text.cyw43_ll_sdpcm_poll_device
                0x10015ee8      0x238 CMakeFiles/mpu6050_ble.dir/C_/Program_Files/Raspberry_Pi/Pico_SDK_v1.5.1/pico-sdk/lib/cyw43-driver/src/cyw43_ll.c.obj
 .text.cyw43_sdpcm_send_common
                0x10016120       0xf0 CMakeFiles/mpu6050_ble.dir/C_/Program_Files/Raspberry_Pi/Pico_SDK_v1.5.1/pico-sdk/lib/cyw43-driver/src/cyw43_ll.c.obj
 .text.cyw43_do_ioctl
                0x10016210      0x110 CMakeFiles/mpu6050_ble.dir/C_/Program_Files/Raspberry_Pi/Pico_SDK_v1.5.1/pico-sdk/lib/cyw43-driver/src/cyw43_ll.c.obj
 .text.cyw43_do_ioctl.constprop.0
                0x10016320      0x108 CMakeFiles/mpu6050_ble.dir/C_/Program_Files/Raspberry_Pi/Pico_SDK_v1.5.1/pico-sdk/lib/cyw43-driver/src/cyw43_ll.c.obj
 .text.cyw43_write_backplane
                0x10016428      0x104 CMakeFiles/mpu6050_ble.dir/C_/Program_Files/Raspberry_Pi/Pico_SDK_v1.5.1/pico-sdk/lib/cyw43-driver/src/cyw43_ll.c.obj
 .text.reset_device_core.constprop.0
                0x1001652c      0x3f0 CMakeFiles/mpu6050_ble.dir/C_/Program_Files/Raspberry_Pi/Pico_SDK_v1.5.1/pico-sdk/lib/cyw43-driver/src/cyw43_ll.c.obj
 .text.cyw43_ll_init
                0x1001691c       0x1c CMakeFiles/mpu6050_ble.dir/C_/Program_Files/Raspberry_Pi/Pico_SDK_v1.5.1/pico-sdk/lib/cyw43-driver/src/cyw43_ll.c.obj